Archive member included to satisfy reference by file (symbol)

C:/ST/STM32CubeIDE_1.16.0/STM32CubeIDE/plugins/com.st.stm32cube.ide.mcu.externaltools.gnu-tools-for-stm32.12.3.rel1.win32_1.0.200.202406191623/tools/bin/../lib/gcc/arm-none-eabi/12.3.1/../../../../arm-none-eabi/lib/thumb/v7e-m+fp/hard\libc_nano.a(libc_a-exit.o)
                              C:/ST/STM32CubeIDE_1.16.0/STM32CubeIDE/plugins/com.st.stm32cube.ide.mcu.externaltools.gnu-tools-for-stm32.12.3.rel1.win32_1.0.200.202406191623/tools/bin/../lib/gcc/arm-none-eabi/12.3.1/../../../../arm-none-eabi/lib/thumb/v7e-m+fp/hard/crt0.o (exit)
C:/ST/STM32CubeIDE_1.16.0/STM32CubeIDE/plugins/com.st.stm32cube.ide.mcu.externaltools.gnu-tools-for-stm32.12.3.rel1.win32_1.0.200.202406191623/tools/bin/../lib/gcc/arm-none-eabi/12.3.1/../../../../arm-none-eabi/lib/thumb/v7e-m+fp/hard\libc_nano.a(libc_a-findfp.o)
                              C:/ST/STM32CubeIDE_1.16.0/STM32CubeIDE/plugins/com.st.stm32cube.ide.mcu.externaltools.gnu-tools-for-stm32.12.3.rel1.win32_1.0.200.202406191623/tools/bin/../lib/gcc/arm-none-eabi/12.3.1/../../../../arm-none-eabi/lib/thumb/v7e-m+fp/hard\libc_nano.a(libc_a-exit.o) (__stdio_exit_handler)
C:/ST/STM32CubeIDE_1.16.0/STM32CubeIDE/plugins/com.st.stm32cube.ide.mcu.externaltools.gnu-tools-for-stm32.12.3.rel1.win32_1.0.200.202406191623/tools/bin/../lib/gcc/arm-none-eabi/12.3.1/../../../../arm-none-eabi/lib/thumb/v7e-m+fp/hard\libc_nano.a(libc_a-fwalk.o)
                              C:/ST/STM32CubeIDE_1.16.0/STM32CubeIDE/plugins/com.st.stm32cube.ide.mcu.externaltools.gnu-tools-for-stm32.12.3.rel1.win32_1.0.200.202406191623/tools/bin/../lib/gcc/arm-none-eabi/12.3.1/../../../../arm-none-eabi/lib/thumb/v7e-m+fp/hard\libc_nano.a(libc_a-findfp.o) (_fwalk_sglue)
C:/ST/STM32CubeIDE_1.16.0/STM32CubeIDE/plugins/com.st.stm32cube.ide.mcu.externaltools.gnu-tools-for-stm32.12.3.rel1.win32_1.0.200.202406191623/tools/bin/../lib/gcc/arm-none-eabi/12.3.1/../../../../arm-none-eabi/lib/thumb/v7e-m+fp/hard\libc_nano.a(libc_a-printf.o)
                              ./Core/Src/main.o (printf)
C:/ST/STM32CubeIDE_1.16.0/STM32CubeIDE/plugins/com.st.stm32cube.ide.mcu.externaltools.gnu-tools-for-stm32.12.3.rel1.win32_1.0.200.202406191623/tools/bin/../lib/gcc/arm-none-eabi/12.3.1/../../../../arm-none-eabi/lib/thumb/v7e-m+fp/hard\libc_nano.a(libc_a-puts.o)
                              ./Core/Src/main.o (puts)
C:/ST/STM32CubeIDE_1.16.0/STM32CubeIDE/plugins/com.st.stm32cube.ide.mcu.externaltools.gnu-tools-for-stm32.12.3.rel1.win32_1.0.200.202406191623/tools/bin/../lib/gcc/arm-none-eabi/12.3.1/../../../../arm-none-eabi/lib/thumb/v7e-m+fp/hard\libc_nano.a(libc_a-stdio.o)
                              C:/ST/STM32CubeIDE_1.16.0/STM32CubeIDE/plugins/com.st.stm32cube.ide.mcu.externaltools.gnu-tools-for-stm32.12.3.rel1.win32_1.0.200.202406191623/tools/bin/../lib/gcc/arm-none-eabi/12.3.1/../../../../arm-none-eabi/lib/thumb/v7e-m+fp/hard\libc_nano.a(libc_a-findfp.o) (__sread)
C:/ST/STM32CubeIDE_1.16.0/STM32CubeIDE/plugins/com.st.stm32cube.ide.mcu.externaltools.gnu-tools-for-stm32.12.3.rel1.win32_1.0.200.202406191623/tools/bin/../lib/gcc/arm-none-eabi/12.3.1/../../../../arm-none-eabi/lib/thumb/v7e-m+fp/hard\libc_nano.a(libc_a-wbuf.o)
                              C:/ST/STM32CubeIDE_1.16.0/STM32CubeIDE/plugins/com.st.stm32cube.ide.mcu.externaltools.gnu-tools-for-stm32.12.3.rel1.win32_1.0.200.202406191623/tools/bin/../lib/gcc/arm-none-eabi/12.3.1/../../../../arm-none-eabi/lib/thumb/v7e-m+fp/hard\libc_nano.a(libc_a-puts.o) (__swbuf_r)
C:/ST/STM32CubeIDE_1.16.0/STM32CubeIDE/plugins/com.st.stm32cube.ide.mcu.externaltools.gnu-tools-for-stm32.12.3.rel1.win32_1.0.200.202406191623/tools/bin/../lib/gcc/arm-none-eabi/12.3.1/../../../../arm-none-eabi/lib/thumb/v7e-m+fp/hard\libc_nano.a(libc_a-wsetup.o)
                              C:/ST/STM32CubeIDE_1.16.0/STM32CubeIDE/plugins/com.st.stm32cube.ide.mcu.externaltools.gnu-tools-for-stm32.12.3.rel1.win32_1.0.200.202406191623/tools/bin/../lib/gcc/arm-none-eabi/12.3.1/../../../../arm-none-eabi/lib/thumb/v7e-m+fp/hard\libc_nano.a(libc_a-puts.o) (__swsetup_r)
C:/ST/STM32CubeIDE_1.16.0/STM32CubeIDE/plugins/com.st.stm32cube.ide.mcu.externaltools.gnu-tools-for-stm32.12.3.rel1.win32_1.0.200.202406191623/tools/bin/../lib/gcc/arm-none-eabi/12.3.1/../../../../arm-none-eabi/lib/thumb/v7e-m+fp/hard\libc_nano.a(libc_a-memset.o)
                              C:/ST/STM32CubeIDE_1.16.0/STM32CubeIDE/plugins/com.st.stm32cube.ide.mcu.externaltools.gnu-tools-for-stm32.12.3.rel1.win32_1.0.200.202406191623/tools/bin/../lib/gcc/arm-none-eabi/12.3.1/../../../../arm-none-eabi/lib/thumb/v7e-m+fp/hard/crt0.o (memset)
C:/ST/STM32CubeIDE_1.16.0/STM32CubeIDE/plugins/com.st.stm32cube.ide.mcu.externaltools.gnu-tools-for-stm32.12.3.rel1.win32_1.0.200.202406191623/tools/bin/../lib/gcc/arm-none-eabi/12.3.1/../../../../arm-none-eabi/lib/thumb/v7e-m+fp/hard\libc_nano.a(libc_a-closer.o)
[...]
Memory Configuration

Name             Origin             Length             Attributes
CCMRAM           0x10000000         0x00010000         xrw
RAM              0x20000000         0x00020000         xrw
FLASH            0x08000000         0x00100000         xr
*default*        0x00000000         0xffffffff

Linker script and memory map

LOAD C:/ST/STM32CubeIDE_1.16.0/STM32CubeIDE/plugins/com.st.stm32cube.ide.mcu.externaltools.gnu-tools-for-stm32.12.3.rel1.win32_1.0.200.202406191623/tools/bin/../lib/gcc/arm-none-eabi/12.3.1/thumb/v7e-m+fp/hard/crti.o
LOAD C:/ST/STM32CubeIDE_1.16.0/STM32CubeIDE/plugins/com.st.stm32cube.ide.mcu.externaltools.gnu-tools-for-stm32.12.3.rel1.win32_1.0.200.202406191623/tools/bin/../lib/gcc/arm-none-eabi/12.3.1/thumb/v7e-m+fp/hard/crtbegin.o
LOAD C:/ST/STM32CubeIDE_1.16.0/STM32CubeIDE/plugins/com.st.stm32cube.ide.mcu.externaltools.gnu-tools-for-stm32.12.3.rel1.win32_1.0.200.202406191623/tools/bin/../lib/gcc/arm-none-eabi/12.3.1/../../../../arm-none-eabi/lib/thumb/v7e-m+fp/hard/crt0.o
LOAD ./Core/Src/main.o
LOAD ./Core/Src/pb_common.o
LOAD ./Core/Src/pb_decode.o
LOAD ./Core/Src/pb_encode.o
LOAD ./Core/Src/simple.pb.o
LOAD ./Core/Src/stm32f4xx_hal_msp.o
LOAD ./Core/Src/stm32f4xx_hal_timebase_tim.o
LOAD ./Core/Src/stm32f4xx_it.o
LOAD ./Core/Src/syscalls.o
LOAD ./Core/Src/sysmem.o
LOAD ./Core/Src/system_stm32f4xx.o
LOAD ./Core/Startup/startup_stm32f407zgtx.o
LOAD ./Drivers/STM32F4xx_HAL_Driver/Src/stm32f4xx_hal.o
LOAD ./Drivers/STM32F4xx_HAL_Driver/Src/stm32f4xx_hal_cortex.o
LOAD ./Drivers/STM32F4xx_HAL_Driver/Src/stm32f4xx_hal_dma.o
LOAD ./Drivers/STM32F4xx_HAL_Driver/Src/stm32f4xx_hal_dma_ex.o
LOAD ./Drivers/STM32F4xx_HAL_Driver/Src/stm32f4xx_hal_exti.o
LOAD ./Drivers/STM32F4xx_HAL_Driver/Src/stm32f4xx_hal_flash.o
LOAD ./Drivers/STM32F4xx_HAL_Driver/Src/stm32f4xx_hal_flash_ex.o
LOAD ./Drivers/STM32F4xx_HAL_Driver/Src/stm32f4xx_hal_flash_ramfunc.o
LOAD ./Drivers/STM32F4xx_HAL_Driver/Src/stm32f4xx_hal_gpio.o
LOAD ./Drivers/STM32F4xx_HAL_Driver/Src/stm32f4xx_hal_pwr.o
LOAD ./Drivers/STM32F4xx_HAL_Driver/Src/stm32f4xx_hal_pwr_ex.o
LOAD ./Drivers/STM32F4xx_HAL_Driver/Src/stm32f4xx_hal_rcc.o
LOAD ./Drivers/STM32F4xx_HAL_Driver/Src/stm32f4xx_hal_rcc_ex.o
LOAD ./Drivers/STM32F4xx_HAL_Driver/Src/stm32f4xx_hal_tim.o
LOAD ./Drivers/STM32F4xx_HAL_Driver/Src/stm32f4xx_hal_tim_ex.o
LOAD ./Drivers/STM32F4xx_HAL_Driver/Src/stm32f4xx_hal_uart.o
START GROUP
LOAD C:/ST/STM32CubeIDE_1.16.0/STM32CubeIDE/plugins/com.st.stm32cube.ide.mcu.externaltools.gnu-tools-for-stm32.12.3.rel1.win32_1.0.200.202406191623/tools/bin/../lib/gcc/arm-none-eabi/12.3.1/../../../../arm-none-eabi/lib/thumb/v7e-m+fp/hard\libc_nano.a
LOAD C:/ST/STM32CubeIDE_1.16.0/STM32CubeIDE/plugins/com.st.stm32cube.ide.mcu.externaltools.gnu-tools-for-stm32.12.3.rel1.win32_1.0.200.202406191623/tools/bin/../lib/gcc/arm-none-eabi/12.3.1/../../../../arm-none-eabi/lib/thumb/v7e-m+fp/hard\libm.a
END GROUP
START GROUP
LOAD C:/ST/STM32CubeIDE_1.16.0/STM32CubeIDE/plugins/com.st.stm32cube.ide.mcu.externaltools.gnu-tools-for-stm32.12.3.rel1.win32_1.0.200.202406191623/tools/bin/../lib/gcc/arm-none-eabi/12.3.1/thumb/v7e-m+fp/hard\libgcc.a
LOAD C:/ST/STM32CubeIDE_1.16.0/STM32CubeIDE/plugins/com.st.stm32cube.ide.mcu.externaltools.gnu-tools-for-stm32.12.3.rel1.win32_1.0.200.202406191623/tools/bin/../lib/gcc/arm-none-eabi/12.3.1/../../../../arm-none-eabi/lib/thumb/v7e-m+fp/hard\libc_nano.a
END GROUP
START GROUP
LOAD C:/ST/STM32CubeIDE_1.16.0/STM32CubeIDE/plugins/com.st.stm32cube.ide.mcu.externaltools.gnu-tools-for-stm32.12.3.rel1.win32_1.0.200.202406191623/tools/bin/../lib/gcc/arm-none-eabi/12.3.1/thumb/v7e-m+fp/hard\libgcc.a
LOAD C:/ST/STM32CubeIDE_1.16.0/STM32CubeIDE/plugins/com.st.stm32cube.ide.mcu.externaltools.gnu-tools-for-stm32.12.3.rel1.win32_1.0.200.202406191623/tools/bin/../lib/gcc/arm-none-eabi/12.3.1/../../../../arm-none-eabi/lib/thumb/v7e-m+fp/hard\libc_nano.a
LOAD C:/ST/STM32CubeIDE_1.16.0/STM32CubeIDE/plugins/com.st.stm32cube.ide.mcu.externaltools.gnu-tools-for-stm32.12.3.rel1.win32_1.0.200.202406191623/tools/bin/../lib/gcc/arm-none-eabi/12.3.1/../../../../arm-none-eabi/lib/thumb/v7e-m+fp/hard\libnosys.a
END GROUP
START GROUP
LOAD C:/ST/STM32CubeIDE_1.16.0/STM32CubeIDE/plugins/com.st.stm32cube.ide.mcu.externaltools.gnu-tools-for-stm32.12.3.rel1.win32_1.0.200.202406191623/tools/bin/../lib/gcc/arm-none-eabi/12.3.1/thumb/v7e-m+fp/hard\libgcc.a
LOAD C:/ST/STM32CubeIDE_1.16.0/STM32CubeIDE/plugins/com.st.stm32cube.ide.mcu.externaltools.gnu-tools-for-stm32.12.3.rel1.win32_1.0.200.202406191623/tools/bin/../lib/gcc/arm-none-eabi/12.3.1/../../../../arm-none-eabi/lib/thumb/v7e-m+fp/hard\libc_nano.a
LOAD C:/ST/STM32CubeIDE_1.16.0/STM32CubeIDE/plugins/com.st.stm32cube.ide.mcu.externaltools.gnu-tools-for-stm32.12.3.rel1.win32_1.0.200.202406191623/tools/bin/../lib/gcc/arm-none-eabi/12.3.1/../../../../arm-none-eabi/lib/thumb/v7e-m+fp/hard\libnosys.a
END GROUP
LOAD C:/ST/STM32CubeIDE_1.16.0/STM32CubeIDE/plugins/com.st.stm32cube.ide.mcu.externaltools.gnu-tools-for-stm32.12.3.rel1.win32_1.0.200.202406191623/tools/bin/../lib/gcc/arm-none-eabi/12.3.1/thumb/v7e-m+fp/hard/crtend.o
LOAD C:/ST/STM32CubeIDE_1.16.0/STM32CubeIDE/plugins/com.st.stm32cube.ide.mcu.externaltools.gnu-tools-for-stm32.12.3.rel1.win32_1.0.200.202406191623/tools/bin/../lib/gcc/arm-none-eabi/12.3.1/thumb/v7e-m+fp/hard/crtn.o
                0x20020000                        _estack = (ORIGIN (RAM) + LENGTH (RAM))
                0x00002000                        _Min_Heap_Size = 0x2000
                0x00004000                        _Min_Stack_Size = 0x4000

.isr_vector     0x08000000      0x188
                0x08000000                        . = ALIGN (0x4)
 *(.isr_vector)
 .isr_vector    0x08000000      0x188 ./Core/Startup/startup_stm32f407zgtx.o
                0x08000000                g_pfnVectors
                0x08000188                        . = ALIGN (0x4)

.text           0x08000190     0x6a64
                0x08000190                        . = ALIGN (0x4)
 *(.text)
 .text          0x08000190       0x40 C:/ST/STM32CubeIDE_1.16.0/STM32CubeIDE/plugins/com.st.stm32cube.ide.mcu.externaltools.gnu-tools-for-stm32.12.3.rel1.win32_1.0.200.202406191623/tools/bin/../lib/gcc/arm-none-eabi/12.3.1/thumb/v7e-m+fp/hard/crtbegin.o
 .text          0x080001d0       0xa0 C:/ST/STM32CubeIDE_1.16.0/STM32CubeIDE/plugins/com.st.stm32cube.ide.mcu.externaltools.gnu-tools-for-stm32.12.3.rel1.win32_1.0.200.202406191623/tools/bin/../lib/gcc/arm-none-eabi/12.3.1/../../../../arm-none-eabi/lib/thumb/v7e-m+fp/hard\libc_nano.a(libc_a-memchr.o)
                0x080001d0                memchr
 .text          0x08000270       0x30 C:/ST/STM32CubeIDE_1.16.0/STM32CubeIDE/plugins/com.st.stm32cube.ide.mcu.externaltools.gnu-tools-for-stm32.12.3.rel1.win32_1.0.200.202406191623/tools/bin/../lib/gcc/arm-none-eabi/12.3.1/thumb/v7e-m+fp/hard\libgcc.a(_aeabi_uldivmod.o)
                0x08000270                __aeabi_uldivmod
 .text          0x080002a0      0x2bc C:/ST/STM32CubeIDE_1.16.0/STM32CubeIDE/plugins/com.st.stm32cube.ide.mcu.externaltools.gnu-tools-for-stm32.12.3.rel1.win32_1.0.200.202406191623/tools/bin/../lib/gcc/arm-none-eabi/12.3.1/thumb/v7e-m+fp/hard\libgcc.a(_udivmoddi4.o)
                0x080002a0                __udivmoddi4
 .text          0x0800055c        0x4 C:/ST/STM32CubeIDE_1.16.0/STM32CubeIDE/plugins/com.st.stm32cube.ide.mcu.externaltools.gnu-tools-for-stm32.12.3.rel1.win32_1.0.200.202406191623/tools/bin/../lib/gcc/arm-none-eabi/12.3.1/thumb/v7e-m+fp/hard\libgcc.a(_dvmd_tls.o)
                0x0800055c                __aeabi_idiv0
                0x0800055c                __aeabi_ldiv0
 *(.text*)
 .text.__io_putchar
                0x08000560       0x24 ./Core/Src/main.o
                0x08000560                __io_putchar
 .text.main     0x08000584      0x110 ./Core/Src/main.o
                0x08000584                main
 .text.SystemClock_Config
                0x08000694       0xbc ./Core/Src/main.o
                0x08000694                SystemClock_Config
 .text.MX_USART1_UART_Init
                0x08000750       0x54 ./Core/Src/main.o
 .text.MX_USART3_UART_Init
                0x080007a4       0x54 ./Core/Src/main.o
 .text.MX_GPIO_Init
                0x080007f8       0x6c ./Core/Src/main.o
 .text.HAL_TIM_PeriodElapsedCallback
                0x08000864       0x24 ./Core/Src/main.o
                0x08000864                HAL_TIM_PeriodElapsedCallback
 .text.Error_Handler
                0x08000888        0xc ./Core/Src/main.o
                0x08000888                Error_Handler
 .text.load_descriptor_values
                0x08000894      0x2d4 ./Core/Src/pb_common.o
 .text.advance_iterator
                0x08000b68       0xc0 ./Core/Src/pb_common.o
 .text.pb_field_iter_begin
                0x08000c28       0x32 ./Core/Src/pb_common.o
                0x08000c28                pb_field_iter_begin
 .text.pb_field_iter_begin_extension
                0x08000c5a       0x60 ./Core/Src/pb_common.o
                0x08000c5a                pb_field_iter_begin_extension
 .text.pb_field_iter_next
                0x08000cba       0x2a ./Core/Src/pb_common.o
                0x08000cba                pb_field_iter_next
 .text.pb_field_iter_find
                0x08000ce4       0xac ./Core/Src/pb_common.o
                0x08000ce4                pb_field_iter_find
 .text.pb_field_iter_find_extension
                0x08000d90       0x66 ./Core/Src/pb_common.o
                0x08000d90                pb_field_iter_find_extension
 .text.pb_const_cast
                0x08000df6       0x1a ./Core/Src/pb_common.o
 .text.pb_field_iter_begin_const
                0x08000e10       0x28 ./Core/Src/pb_common.o
                0x08000e10                pb_field_iter_begin_const
 .text.pb_field_iter_begin_extension_const
                0x08000e38       0x24 ./Core/Src/pb_common.o
                0x08000e38                pb_field_iter_begin_extension_const
 .text.pb_default_field_callback
                0x08000e5c       0x6a ./Core/Src/pb_common.o
                0x08000e5c                pb_default_field_callback
 .text.buf_read
                0x08000ec6       0x38 ./Core/Src/pb_decode.o
 *fill*         0x08000efe        0x2 
 .text.pb_read  0x08000f00       0xec ./Core/Src/pb_decode.o
                0x08000f00                pb_read
 .text.pb_readbyte
                0x08000fec       0x78 ./Core/Src/pb_decode.o
 .text.pb_istream_from_buffer
                0x08001064       0x3c ./Core/Src/pb_decode.o
                0x08001064                pb_istream_from_buffer
 .text.pb_decode_varint32_eof
                0x080010a0      0x154 ./Core/Src/pb_decode.o
 .text.pb_decode_varint32
                0x080011f4       0x1e ./Core/Src/pb_decode.o
                0x080011f4                pb_decode_varint32
 *fill*         0x08001212        0x2 
 .text.pb_decode_varint
                0x08001214       0xcc ./Core/Src/pb_decode.o
                0x08001214                pb_decode_varint
 .text.pb_skip_varint
                0x080012e0       0x38 ./Core/Src/pb_decode.o
 .text.pb_skip_string
                0x08001318       0x3a ./Core/Src/pb_decode.o
 .text.pb_decode_tag
                0x08001352       0x5e ./Core/Src/pb_decode.o
                0x08001352                pb_decode_tag
 .text.pb_skip_field
                0x080013b0       0x84 ./Core/Src/pb_decode.o
                0x080013b0                pb_skip_field
 .text.read_raw_value
                0x08001434       0xd8 ./Core/Src/pb_decode.o
 .text.pb_make_string_substream
                0x0800150c       0x74 ./Core/Src/pb_decode.o
                0x0800150c                pb_make_string_substream
 .text.pb_close_string_substream
                0x08001580       0x4a ./Core/Src/pb_decode.o
                0x08001580                pb_close_string_substream
 *fill*         0x080015ca        0x2 
 .text.decode_basic_field
                0x080015cc      0x1ec ./Core/Src/pb_decode.o
 .text.decode_static_field
                0x080017b8      0x280 ./Core/Src/pb_decode.o
 .text.decode_pointer_field
                0x08001a38       0x34 ./Core/Src/pb_decode.o
 .text.decode_callback_field
                0x08001a6c      0x114 ./Core/Src/pb_decode.o
 .text.decode_field
                0x08001b80       0x7c ./Core/Src/pb_decode.o
 .text.default_extension_decoder
                0x08001bfc       0x74 ./Core/Src/pb_decode.o
 .text.decode_extension
                0x08001c70       0x78 ./Core/Src/pb_decode.o
 .text.pb_field_set_to_default
                0x08001ce8      0x182 ./Core/Src/pb_decode.o
 .text.pb_message_set_to_defaults
                0x08001e6a       0xfa ./Core/Src/pb_decode.o
 .text.pb_decode_inner
                0x08001f64      0x374 ./Core/Src/pb_decode.o
 .text.pb_decode
                0x080022d8       0x26 ./Core/Src/pb_decode.o
                0x080022d8                pb_decode
 .text.pb_decode_bool
                0x080022fe       0x40 ./Core/Src/pb_decode.o
                0x080022fe                pb_decode_bool
 .text.pb_decode_svarint
                0x0800233e       0x86 ./Core/Src/pb_decode.o
                0x0800233e                pb_decode_svarint
 .text.pb_decode_fixed32
                0x080023c4       0x38 ./Core/Src/pb_decode.o
                0x080023c4                pb_decode_fixed32
 .text.pb_decode_fixed64
                0x080023fc       0x3c ./Core/Src/pb_decode.o
                0x080023fc                pb_decode_fixed64
 .text.pb_dec_bool
                0x08002438       0x20 ./Core/Src/pb_decode.o
 .text.pb_dec_varint
                0x08002458      0x258 ./Core/Src/pb_decode.o
 .text.pb_dec_bytes
                0x080026b0       0xe8 ./Core/Src/pb_decode.o
 .text.pb_dec_string
                0x08002798       0xf8 ./Core/Src/pb_decode.o
 .text.pb_dec_submessage
                0x08002890      0x114 ./Core/Src/pb_decode.o
 .text.pb_dec_fixed_length_bytes
                0x080029a4       0xa8 ./Core/Src/pb_decode.o
 .text.buf_write
                0x08002a4c       0x30 ./Core/Src/pb_encode.o
 .text.pb_ostream_from_buffer
                0x08002a7c       0x40 ./Core/Src/pb_encode.o
                0x08002a7c                pb_ostream_from_buffer
 .text.pb_write
                0x08002abc       0xa0 ./Core/Src/pb_encode.o
                0x08002abc                pb_write
 .text.safe_read_bool
                0x08002b5c       0x3c ./Core/Src/pb_encode.o
 .text.encode_array
                0x08002b98      0x2a8 ./Core/Src/pb_encode.o
 .text.pb_check_proto3_default_value
                0x08002e40      0x23c ./Core/Src/pb_encode.o
 .text.encode_basic_field
                0x0800307c       0xe8 ./Core/Src/pb_encode.o
 .text.encode_callback_field
                0x08003164       0x54 ./Core/Src/pb_encode.o
 .text.encode_field
                0x080031b8       0xe8 ./Core/Src/pb_encode.o
 .text.default_extension_encoder
                0x080032a0       0x54 ./Core/Src/pb_encode.o
 .text.encode_extension_field
                0x080032f4       0x62 ./Core/Src/pb_encode.o
 .text.pb_encode
                0x08003356       0x88 ./Core/Src/pb_encode.o
                0x08003356                pb_encode
 .text.pb_encode_varint_32
                0x080033de       0xd4 ./Core/Src/pb_encode.o
 .text.pb_encode_varint
                0x080034b2       0x56 ./Core/Src/pb_encode.o
                0x080034b2                pb_encode_varint
 .text.pb_encode_svarint
                0x08003508       0x74 ./Core/Src/pb_encode.o
                0x08003508                pb_encode_svarint
 .text.pb_encode_fixed32
                0x0800357c       0x1e ./Core/Src/pb_encode.o
                0x0800357c                pb_encode_fixed32
 .text.pb_encode_fixed64
                0x0800359a       0x1e ./Core/Src/pb_encode.o
                0x0800359a                pb_encode_fixed64
 .text.pb_encode_tag
                0x080035b8       0x52 ./Core/Src/pb_encode.o
                0x080035b8                pb_encode_tag
 *fill*         0x0800360a        0x2 
 .text.pb_encode_tag_for_field
                0x0800360c       0x9c ./Core/Src/pb_encode.o
                0x0800360c                pb_encode_tag_for_field
 .text.pb_encode_string
                0x080036a8       0x42 ./Core/Src/pb_encode.o
                0x080036a8                pb_encode_string
 *fill*         0x080036ea        0x2 
 .text.pb_encode_submessage
                0x080036ec      0x11c ./Core/Src/pb_encode.o
                0x080036ec                pb_encode_submessage
 .text.pb_enc_bool
                0x08003808       0x34 ./Core/Src/pb_encode.o
 .text.pb_enc_varint
                0x0800383c      0x184 ./Core/Src/pb_encode.o
 .text.pb_enc_fixed
                0x080039c0       0x5c ./Core/Src/pb_encode.o
 .text.pb_enc_bytes
                0x08003a1c       0x7c ./Core/Src/pb_encode.o
 .text.pb_enc_string
                0x08003a98       0xbc ./Core/Src/pb_encode.o
 .text.pb_enc_submessage
                0x08003b54       0x8c ./Core/Src/pb_encode.o
 .text.pb_enc_fixed_length_bytes
                0x08003be0       0x24 ./Core/Src/pb_encode.o
 .text.HAL_MspInit
                0x08003c04       0x50 ./Core/Src/stm32f4xx_hal_msp.o
                0x08003c04                HAL_MspInit
 .text.HAL_UART_MspInit
                0x08003c54      0x100 ./Core/Src/stm32f4xx_hal_msp.o
                0x08003c54                HAL_UART_MspInit
 .text.HAL_InitTick
                0x08003d54       0xe4 ./Core/Src/stm32f4xx_hal_timebase_tim.o
                0x08003d54                HAL_InitTick
 .text.NMI_Handler
                0x08003e38        0x8 ./Core/Src/stm32f4xx_it.o
                0x08003e38                NMI_Handler
 .text.HardFault_Handler
                0x08003e40        0x8 ./Core/Src/stm32f4xx_it.o
                0x08003e40                HardFault_Handler
 .text.MemManage_Handler
                0x08003e48        0x8 ./Core/Src/stm32f4xx_it.o
                0x08003e48                MemManage_Handler
 .text.BusFault_Handler
                0x08003e50        0x8 ./Core/Src/stm32f4xx_it.o
                0x08003e50                BusFault_Handler
 .text.UsageFault_Handler
                0x08003e58        0x8 ./Core/Src/stm32f4xx_it.o
                0x08003e58                UsageFault_Handler
 .text.SVC_Handler
                0x08003e60        0xe ./Core/Src/stm32f4xx_it.o
                0x08003e60                SVC_Handler
 .text.DebugMon_Handler
                0x08003e6e        0xe ./Core/Src/stm32f4xx_it.o
                0x08003e6e                DebugMon_Handler
 .text.PendSV_Handler
                0x08003e7c        0xe ./Core/Src/stm32f4xx_it.o
                0x08003e7c                PendSV_Handler
 .text.SysTick_Handler
                0x08003e8a        0xe ./Core/Src/stm32f4xx_it.o
                0x08003e8a                SysTick_Handler
 .text.TIM1_UP_TIM10_IRQHandler
                0x08003e98       0x14 ./Core/Src/stm32f4xx_it.o
                0x08003e98                TIM1_UP_TIM10_IRQHandler
 .text._read    0x08003eac       0x3a ./Core/Src/syscalls.o
                0x08003eac                _read
 .text._write   0x08003ee6       0x38 ./Core/Src/syscalls.o
                0x08003ee6                _write
 .text._close   0x08003f1e       0x18 ./Core/Src/syscalls.o
                0x08003f1e                _close
 .text._fstat   0x08003f36       0x20 ./Core/Src/syscalls.o
                0x08003f36                _fstat
 .text._isatty  0x08003f56       0x16 ./Core/Src/syscalls.o
                0x08003f56                _isatty
 .text._lseek   0x08003f6c       0x1a ./Core/Src/syscalls.o
                0x08003f6c                _lseek
 *fill*         0x08003f86        0x2 
 .text._sbrk    0x08003f88       0x6c ./Core/Src/sysmem.o
                0x08003f88                _sbrk
 .text.SystemInit
                0x08003ff4       0x24 ./Core/Src/system_stm32f4xx.o
                0x08003ff4                SystemInit
 .text.Reset_Handler
                0x08004018       0x50 ./Core/Startup/startup_stm32f407zgtx.o
                0x08004018                Reset_Handler
 .text.Default_Handler
                0x08004068        0x2 ./Core/Startup/startup_stm32f407zgtx.o
                0x08004068                RTC_Alarm_IRQHandler
                0x08004068                HASH_RNG_IRQHandler
                0x08004068                EXTI2_IRQHandler
                0x08004068                TIM8_CC_IRQHandler
                0x08004068                TIM1_CC_IRQHandler
                0x08004068                DMA2_Stream5_IRQHandler
                0x08004068                DMA1_Stream5_IRQHandler
                0x08004068                PVD_IRQHandler
                0x08004068                SDIO_IRQHandler
                0x08004068                TAMP_STAMP_IRQHandler
                0x08004068                CAN2_RX1_IRQHandler
                0x08004068                EXTI3_IRQHandler
                0x08004068                TIM8_TRG_COM_TIM14_IRQHandler
                0x08004068                TIM8_UP_TIM13_IRQHandler
                0x08004068                I2C3_ER_IRQHandler
                0x08004068                EXTI0_IRQHandler
                0x08004068                I2C2_EV_IRQHandler
                0x08004068                DMA1_Stream2_IRQHandler
                0x08004068                CAN1_RX0_IRQHandler
                0x08004068                FPU_IRQHandler
                0x08004068                OTG_HS_WKUP_IRQHandler
                0x08004068                CAN2_SCE_IRQHandler
                0x08004068                DMA2_Stream2_IRQHandler
                0x08004068                SPI1_IRQHandler
                0x08004068                TIM6_DAC_IRQHandler
                0x08004068                TIM1_BRK_TIM9_IRQHandler
                0x08004068                DCMI_IRQHandler
                0x08004068                CAN2_RX0_IRQHandler
                0x08004068                DMA2_Stream3_IRQHandler
                0x08004068                USART6_IRQHandler
                0x08004068                USART3_IRQHandler
                0x08004068                CAN1_RX1_IRQHandler
                0x08004068                UART5_IRQHandler
                0x08004068                DMA2_Stream0_IRQHandler
                0x08004068                TIM4_IRQHandler
                0x08004068                I2C1_EV_IRQHandler
                0x08004068                DMA1_Stream6_IRQHandler
                0x08004068                DMA1_Stream1_IRQHandler
                0x08004068                UART4_IRQHandler
                0x08004068                TIM3_IRQHandler
                0x08004068                RCC_IRQHandler
                0x08004068                TIM8_BRK_TIM12_IRQHandler
                0x08004068                Default_Handler
                0x08004068                EXTI15_10_IRQHandler
                0x08004068                ADC_IRQHandler
                0x08004068                DMA1_Stream7_IRQHandler
                0x08004068                TIM7_IRQHandler
                0x08004068                CAN2_TX_IRQHandler
                0x08004068                TIM5_IRQHandler
                0x08004068                DMA2_Stream7_IRQHandler
                0x08004068                I2C3_EV_IRQHandler
                0x08004068                EXTI9_5_IRQHandler
                0x08004068                RTC_WKUP_IRQHandler
                0x08004068                ETH_WKUP_IRQHandler
                0x08004068                SPI2_IRQHandler
                0x08004068                OTG_HS_EP1_IN_IRQHandler
                0x08004068                DMA1_Stream0_IRQHandler
                0x08004068                CAN1_TX_IRQHandler
                0x08004068                EXTI4_IRQHandler
                0x08004068                FSMC_IRQHandler
                0x08004068                ETH_IRQHandler
                0x08004068                OTG_HS_EP1_OUT_IRQHandler
                0x08004068                WWDG_IRQHandler
                0x08004068                TIM2_IRQHandler
                0x08004068                OTG_FS_WKUP_IRQHandler
                0x08004068                TIM1_TRG_COM_TIM11_IRQHandler
                0x08004068                OTG_HS_IRQHandler
                0x08004068                EXTI1_IRQHandler
                0x08004068                USART2_IRQHandler
                0x08004068                I2C2_ER_IRQHandler
                0x08004068                DMA2_Stream1_IRQHandler
                0x08004068                CAN1_SCE_IRQHandler
                0x08004068                FLASH_IRQHandler
                0x08004068                DMA2_Stream4_IRQHandler
                0x08004068                USART1_IRQHandler
                0x08004068                OTG_FS_IRQHandler
                0x08004068                SPI3_IRQHandler
                0x08004068                DMA1_Stream4_IRQHandler
                0x08004068                I2C1_ER_IRQHandler
                0x08004068                DMA2_Stream6_IRQHandler
                0x08004068                DMA1_Stream3_IRQHandler
 *fill*         0x0800406a        0x2 
 .text.HAL_Init
                0x0800406c       0x44 ./Drivers/STM32F4xx_HAL_Driver/Src/stm32f4xx_hal.o
                0x0800406c                HAL_Init
 .text.HAL_IncTick
                0x080040b0       0x28 ./Drivers/STM32F4xx_HAL_Driver/Src/stm32f4xx_hal.o
                0x080040b0                HAL_IncTick
 .text.HAL_GetTick
                0x080040d8       0x18 ./Drivers/STM32F4xx_HAL_Driver/Src/stm32f4xx_hal.o
                0x080040d8                HAL_GetTick
 .text.HAL_Delay
                0x080040f0       0x48 ./Drivers/STM32F4xx_HAL_Driver/Src/stm32f4xx_hal.o
                0x080040f0                HAL_Delay
 .text.__NVIC_SetPriorityGrouping
                0x08004138       0x48 ./Drivers/STM32F4xx_HAL_Driver/Src/stm32f4xx_hal_cortex.o
 .text.__NVIC_GetPriorityGrouping
                0x08004180       0x1c ./Drivers/STM32F4xx_HAL_Driver/Src/stm32f4xx_hal_cortex.o
 .text.__NVIC_EnableIRQ
                0x0800419c       0x3c ./Drivers/STM32F4xx_HAL_Driver/Src/stm32f4xx_hal_cortex.o
 .text.__NVIC_SetPriority
                0x080041d8       0x54 ./Drivers/STM32F4xx_HAL_Driver/Src/stm32f4xx_hal_cortex.o
 .text.NVIC_EncodePriority
                0x0800422c       0x66 ./Drivers/STM32F4xx_HAL_Driver/Src/stm32f4xx_hal_cortex.o
 .text.HAL_NVIC_SetPriorityGrouping
                0x08004292       0x16 ./Drivers/STM32F4xx_HAL_Driver/Src/stm32f4xx_hal_cortex.o
                0x08004292                HAL_NVIC_SetPriorityGrouping
 .text.HAL_NVIC_SetPriority
                0x080042a8       0x38 ./Drivers/STM32F4xx_HAL_Driver/Src/stm32f4xx_hal_cortex.o
                0x080042a8                HAL_NVIC_SetPriority
 .text.HAL_NVIC_EnableIRQ
                0x080042e0       0x1c ./Drivers/STM32F4xx_HAL_Driver/Src/stm32f4xx_hal_cortex.o
                0x080042e0                HAL_NVIC_EnableIRQ
 .text.HAL_GPIO_Init
                0x080042fc      0x338 ./Drivers/STM32F4xx_HAL_Driver/Src/stm32f4xx_hal_gpio.o
                0x080042fc                HAL_GPIO_Init
 .text.HAL_RCC_OscConfig
                0x08004634      0x4f0 ./Drivers/STM32F4xx_HAL_Driver/Src/stm32f4xx_hal_rcc.o
                0x08004634                HAL_RCC_OscConfig
 .text.HAL_RCC_ClockConfig
                0x08004b24      0x1cc ./Drivers/STM32F4xx_HAL_Driver/Src/stm32f4xx_hal_rcc.o
                0x08004b24                HAL_RCC_ClockConfig
 .text.HAL_RCC_GetSysClockFreq
                0x08004cf0      0x18c ./Drivers/STM32F4xx_HAL_Driver/Src/stm32f4xx_hal_rcc.o
                0x08004cf0                HAL_RCC_GetSysClockFreq
 .text.HAL_RCC_GetHCLKFreq
                0x08004e7c       0x18 ./Drivers/STM32F4xx_HAL_Driver/Src/stm32f4xx_hal_rcc.o
                0x08004e7c                HAL_RCC_GetHCLKFreq
 .text.HAL_RCC_GetPCLK1Freq
                0x08004e94       0x28 ./Drivers/STM32F4xx_HAL_Driver/Src/stm32f4xx_hal_rcc.o
                0x08004e94                HAL_RCC_GetPCLK1Freq
 .text.HAL_RCC_GetPCLK2Freq
                0x08004ebc       0x28 ./Drivers/STM32F4xx_HAL_Driver/Src/stm32f4xx_hal_rcc.o
                0x08004ebc                HAL_RCC_GetPCLK2Freq
 .text.HAL_RCC_GetClockConfig
                0x08004ee4       0x64 ./Drivers/STM32F4xx_HAL_Driver/Src/stm32f4xx_hal_rcc.o
                0x08004ee4                HAL_RCC_GetClockConfig
 .text.HAL_TIM_Base_Init
                0x08004f48       0x9e ./Drivers/STM32F4xx_HAL_Driver/Src/stm32f4xx_hal_tim.o
                0x08004f48                HAL_TIM_Base_Init
 .text.HAL_TIM_Base_MspInit
                0x08004fe6       0x14 ./Drivers/STM32F4xx_HAL_Driver/Src/stm32f4xx_hal_tim.o
                0x08004fe6                HAL_TIM_Base_MspInit
 *fill*         0x08004ffa        0x2 
 .text.HAL_TIM_Base_Start_IT
                0x08004ffc       0xe0 ./Drivers/STM32F4xx_HAL_Driver/Src/stm32f4xx_hal_tim.o
                0x08004ffc                HAL_TIM_Base_Start_IT
 .text.HAL_TIM_IRQHandler
                0x080050dc      0x1e0 ./Drivers/STM32F4xx_HAL_Driver/Src/stm32f4xx_hal_tim.o
                0x080050dc                HAL_TIM_IRQHandler
 .text.HAL_TIM_OC_DelayElapsedCallback
                0x080052bc       0x14 ./Drivers/STM32F4xx_HAL_Driver/Src/stm32f4xx_hal_tim.o
                0x080052bc                HAL_TIM_OC_DelayElapsedCallback
 .text.HAL_TIM_IC_CaptureCallback
                0x080052d0       0x14 ./Drivers/STM32F4xx_HAL_Driver/Src/stm32f4xx_hal_tim.o
                0x080052d0                HAL_TIM_IC_CaptureCallback
 .text.HAL_TIM_PWM_PulseFinishedCallback
                0x080052e4       0x14 ./Drivers/STM32F4xx_HAL_Driver/Src/stm32f4xx_hal_tim.o
                0x080052e4                HAL_TIM_PWM_PulseFinishedCallback
 .text.HAL_TIM_TriggerCallback
                0x080052f8       0x14 ./Drivers/STM32F4xx_HAL_Driver/Src/stm32f4xx_hal_tim.o
                0x080052f8                HAL_TIM_TriggerCallback
 .text.TIM_Base_SetConfig
                0x0800530c      0x158 ./Drivers/STM32F4xx_HAL_Driver/Src/stm32f4xx_hal_tim.o
                0x0800530c                TIM_Base_SetConfig
 .text.HAL_TIMEx_CommutCallback
                0x08005464       0x14 ./Drivers/STM32F4xx_HAL_Driver/Src/stm32f4xx_hal_tim_ex.o
                0x08005464                HAL_TIMEx_CommutCallback
 .text.HAL_TIMEx_BreakCallback
                0x08005478       0x14 ./Drivers/STM32F4xx_HAL_Driver/Src/stm32f4xx_hal_tim_ex.o
                0x08005478                HAL_TIMEx_BreakCallback
 .text.HAL_UART_Init
                0x0800548c       0xa0 ./Drivers/STM32F4xx_HAL_Driver/Src/stm32f4xx_hal_uart.o
                0x0800548c                HAL_UART_Init
 .text.HAL_UART_Transmit
                0x0800552c      0x116 ./Drivers/STM32F4xx_HAL_Driver/Src/stm32f4xx_hal_uart.o
                0x0800552c                HAL_UART_Transmit
 .text.UART_WaitOnFlagUntilTimeout
                0x08005642       0xb2 ./Drivers/STM32F4xx_HAL_Driver/Src/stm32f4xx_hal_uart.o
 .text.UART_EndRxTransfer
                0x080056f4       0xc6 ./Drivers/STM32F4xx_HAL_Driver/Src/stm32f4xx_hal_uart.o
 *fill*         0x080057ba        0x2 
 .text.UART_SetConfig
                0x080057bc      0x4e8 ./Drivers/STM32F4xx_HAL_Driver/Src/stm32f4xx_hal_uart.o
 .text.std      0x08005ca4       0x6c C:/ST/STM32CubeIDE_1.16.0/STM32CubeIDE/plugins/com.st.stm32cube.ide.mcu.externaltools.gnu-tools-for-stm32.12.3.rel1.win32_1.0.200.202406191623/tools/bin/../lib/gcc/arm-none-eabi/12.3.1/../../../../arm-none-eabi/lib/thumb/v7e-m+fp/hard\libc_nano.a(libc_a-findfp.o)
 .text.stdio_exit_handler
                0x08005d10       0x18 C:/ST/STM32CubeIDE_1.16.0/STM32CubeIDE/plugins/com.st.stm32cube.ide.mcu.externaltools.gnu-tools-for-stm32.12.3.rel1.win32_1.0.200.202406191623/tools/bin/../lib/gcc/arm-none-eabi/12.3.1/../../../../arm-none-eabi/lib/thumb/v7e-m+fp/hard\libc_nano.a(libc_a-findfp.o)
 .text.cleanup_stdio
                0x08005d28       0x40 C:/ST/STM32CubeIDE_1.16.0/STM32CubeIDE/plugins/com.st.stm32cube.ide.mcu.externaltools.gnu-tools-for-stm32.12.3.rel1.win32_1.0.200.202406191623/tools/bin/../lib/gcc/arm-none-eabi/12.3.1/../../../../arm-none-eabi/lib/thumb/v7e-m+fp/hard\libc_nano.a(libc_a-findfp.o)
 .text.global_stdio_init.part.0
                0x08005d68       0x3c C:/ST/STM32CubeIDE_1.16.0/STM32CubeIDE/plugins/com.st.stm32cube.ide.mcu.externaltools.gnu-tools-for-stm32.12.3.rel1.win32_1.0.200.202406191623/tools/bin/../lib/gcc/arm-none-eabi/12.3.1/../../../../arm-none-eabi/lib/thumb/v7e-m+fp/hard\libc_nano.a(libc_a-findfp.o)
 .text.__sfp_lock_acquire
                0x08005da4        0xc C:/ST/STM32CubeIDE_1.16.0/STM32CubeIDE/plugins/com.st.stm32cube.ide.mcu.externaltools.gnu-tools-for-stm32.12.3.rel1.win32_1.0.200.202406191623/tools/bin/../lib/gcc/arm-none-eabi/12.3.1/../../../../arm-none-eabi/lib/thumb/v7e-m+fp/hard\libc_nano.a(libc_a-findfp.o)
                0x08005da4                __sfp_lock_acquire
 .text.__sfp_lock_release
                0x08005db0        0xc C:/ST/STM32CubeIDE_1.16.0/STM32CubeIDE/plugins/com.st.stm32cube.ide.mcu.externaltools.gnu-tools-for-stm32.12.3.rel1.win32_1.0.200.202406191623/tools/bin/../lib/gcc/arm-none-eabi/12.3.1/../../../../arm-none-eabi/lib/thumb/v7e-m+fp/hard\libc_nano.a(libc_a-findfp.o)
                0x08005db0                __sfp_lock_release
 .text.__sinit  0x08005dbc       0x30 C:/ST/STM32CubeIDE_1.16.0/STM32CubeIDE/plugins/com.st.stm32cube.ide.mcu.externaltools.gnu-tools-for-stm32.12.3.rel1.win32_1.0.200.202406191623/tools/bin/../lib/gcc/arm-none-eabi/12.3.1/../../../../arm-none-eabi/lib/thumb/v7e-m+fp/hard\libc_nano.a(libc_a-findfp.o)
                0x08005dbc                __sinit
 .text._fwalk_sglue
                0x08005dec       0x3c C:/ST/STM32CubeIDE_1.16.0/STM32CubeIDE/plugins/com.st.stm32cube.ide.mcu.externaltools.gnu-tools-for-stm32.12.3.rel1.win32_1.0.200.202406191623/tools/bin/../lib/gcc/arm-none-eabi/12.3.1/../../../../arm-none-eabi/lib/thumb/v7e-m+fp/hard\libc_nano.a(libc_a-fwalk.o)
                0x08005dec                _fwalk_sglue
 .text.printf   0x08005e28       0x24 C:/ST/STM32CubeIDE_1.16.0/STM32CubeIDE/plugins/com.st.stm32cube.ide.mcu.externaltools.gnu-tools-for-stm32.12.3.rel1.win32_1.0.200.202406191623/tools/bin/../lib/gcc/arm-none-eabi/12.3.1/../../../../arm-none-eabi/lib/thumb/v7e-m+fp/hard\libc_nano.a(libc_a-printf.o)
                0x08005e28                iprintf
                0x08005e28                printf
 .text._puts_r  0x08005e4c       0xaa C:/ST/STM32CubeIDE_1.16.0/STM32CubeIDE/plugins/com.st.stm32cube.ide.mcu.externaltools.gnu-tools-for-stm32.12.3.rel1.win32_1.0.200.202406191623/tools/bin/../lib/gcc/arm-none-eabi/12.3.1/../../../../arm-none-eabi/lib/thumb/v7e-m+fp/hard\libc_nano.a(libc_a-puts.o)
                0x08005e4c                _puts_r
 *fill*         0x08005ef6        0x2 
 .text.puts     0x08005ef8       0x10 C:/ST/STM32CubeIDE_1.16.0/STM32CubeIDE/plugins/com.st.stm32cube.ide.mcu.externaltools.gnu-tools-for-stm32.12.3.rel1.win32_1.0.200.202406191623/tools/bin/../lib/gcc/arm-none-eabi/12.3.1/../../../../arm-none-eabi/lib/thumb/v7e-m+fp/hard\libc_nano.a(libc_a-puts.o)
                0x08005ef8                puts
 .text.__sread  0x08005f08       0x22 C:/ST/STM32CubeIDE_1.16.0/STM32CubeIDE/plugins/com.st.stm32cube.ide.mcu.externaltools.gnu-tools-for-stm32.12.3.rel1.win32_1.0.200.202406191623/tools/bin/../lib/gcc/arm-none-eabi/12.3.1/../../../../arm-none-eabi/lib/thumb/v7e-m+fp/hard\libc_nano.a(libc_a-stdio.o)
                0x08005f08                __sread
 .text.__swrite
                0x08005f2a       0x38 C:/ST/STM32CubeIDE_1.16.0/STM32CubeIDE/plugins/com.st.stm32cube.ide.mcu.externaltools.gnu-tools-for-stm32.12.3.rel1.win32_1.0.200.202406191623/tools/bin/../lib/gcc/arm-none-eabi/12.3.1/../../../../arm-none-eabi/lib/thumb/v7e-m+fp/hard\libc_nano.a(libc_a-stdio.o)
                0x08005f2a                __swrite
 .text.__sseek  0x08005f62       0x24 C:/ST/STM32CubeIDE_1.16.0/STM32CubeIDE/plugins/com.st.stm32cube.ide.mcu.externaltools.gnu-tools-for-stm32.12.3.rel1.win32_1.0.200.202406191623/tools/bin/../lib/gcc/arm-none-eabi/12.3.1/../../../../arm-none-eabi/lib/thumb/v7e-m+fp/hard\libc_nano.a(libc_a-stdio.o)
                0x08005f62                __sseek
 .text.__sclose
                0x08005f86        0x8 C:/ST/STM32CubeIDE_1.16.0/STM32CubeIDE/plugins/com.st.stm32cube.ide.mcu.externaltools.gnu-tools-for-stm32.12.3.rel1.win32_1.0.200.202406191623/tools/bin/../lib/gcc/arm-none-eabi/12.3.1/../../../../arm-none-eabi/lib/thumb/v7e-m+fp/hard\libc_nano.a(libc_a-stdio.o)
                0x08005f86                __sclose
 .text.__swbuf_r
                0x08005f8e       0x7c C:/ST/STM32CubeIDE_1.16.0/STM32CubeIDE/plugins/com.st.stm32cube.ide.mcu.externaltools.gnu-tools-for-stm32.12.3.rel1.win32_1.0.200.202406191623/tools/bin/../lib/gcc/arm-none-eabi/12.3.1/../../../../arm-none-eabi/lib/thumb/v7e-m+fp/hard\libc_nano.a(libc_a-wbuf.o)
                0x08005f8e                __swbuf_r
 *fill*         0x0800600a        0x2 
 .text.__swsetup_r
                0x0800600c       0xac C:/ST/STM32CubeIDE_1.16.0/STM32CubeIDE/plugins/com.st.stm32cube.ide.mcu.externaltools.gnu-tools-for-stm32.12.3.rel1.win32_1.0.200.202406191623/tools/bin/../lib/gcc/arm-none-eabi/12.3.1/../../../../arm-none-eabi/lib/thumb/v7e-m+fp/hard\libc_nano.a(libc_a-wsetup.o)
                0x0800600c                __swsetup_r
 .text.memset   0x080060b8       0x10 C:/ST/STM32CubeIDE_1.16.0/STM32CubeIDE/plugins/com.st.stm32cube.ide.mcu.externaltools.gnu-tools-for-stm32.12.3.rel1.win32_1.0.200.202406191623/tools/bin/../lib/gcc/arm-none-eabi/12.3.1/../../../../arm-none-eabi/lib/thumb/v7e-m+fp/hard\libc_nano.a(libc_a-memset.o)
                0x080060b8                memset
 .text._close_r
                0x080060c8       0x20 C:/ST/STM32CubeIDE_1.16.0/STM32CubeIDE/plugins/com.st.stm32cube.ide.mcu.externaltools.gnu-tools-for-stm32.12.3.rel1.win32_1.0.200.202406191623/tools/bin/../lib/gcc/arm-none-eabi/12.3.1/../../../../arm-none-eabi/lib/thumb/v7e-m+fp/hard\libc_nano.a(libc_a-closer.o)
                0x080060c8                _close_r
 .text._lseek_r
                0x080060e8       0x24 C:/ST/STM32CubeIDE_1.16.0/STM32CubeIDE/plugins/com.st.stm32cube.ide.mcu.externaltools.gnu-tools-for-stm32.12.3.rel1.win32_1.0.200.202406191623/tools/bin/../lib/gcc/arm-none-eabi/12.3.1/../../../../arm-none-eabi/lib/thumb/v7e-m+fp/hard\libc_nano.a(libc_a-lseekr.o)
                0x080060e8                _lseek_r
 .text._read_r  0x0800610c       0x24 C:/ST/STM32CubeIDE_1.16.0/STM32CubeIDE/plugins/com.st.stm32cube.ide.mcu.externaltools.gnu-tools-for-stm32.12.3.rel1.win32_1.0.200.202406191623/tools/bin/../lib/gcc/arm-none-eabi/12.3.1/../../../../arm-none-eabi/lib/thumb/v7e-m+fp/hard\libc_nano.a(libc_a-readr.o)
                0x0800610c                _read_r
 .text._write_r
                0x08006130       0x24 C:/ST/STM32CubeIDE_1.16.0/STM32CubeIDE/plugins/com.st.stm32cube.ide.mcu.externaltools.gnu-tools-for-stm32.12.3.rel1.win32_1.0.200.202406191623/tools/bin/../lib/gcc/arm-none-eabi/12.3.1/../../../../arm-none-eabi/lib/thumb/v7e-m+fp/hard\libc_nano.a(libc_a-writer.o)
                0x08006130                _write_r
 .text.__errno  0x08006154        0xc C:/ST/STM32CubeIDE_1.16.0/STM32CubeIDE/plugins/com.st.stm32cube.ide.mcu.externaltools.gnu-tools-for-stm32.12.3.rel1.win32_1.0.200.202406191623/tools/bin/../lib/gcc/arm-none-eabi/12.3.1/../../../../arm-none-eabi/lib/thumb/v7e-m+fp/hard\libc_nano.a(libc_a-errno.o)
                0x08006154                __errno
 .text.__libc_init_array
                0x08006160       0x48 C:/ST/STM32CubeIDE_1.16.0/STM32CubeIDE/plugins/com.st.stm32cube.ide.mcu.externaltools.gnu-tools-for-stm32.12.3.rel1.win32_1.0.200.202406191623/tools/bin/../lib/gcc/arm-none-eabi/12.3.1/../../../../arm-none-eabi/lib/thumb/v7e-m+fp/hard\libc_nano.a(libc_a-init.o)
                0x08006160                __libc_init_array
 .text.__retarget_lock_init_recursive
                0x080061a8        0x2 C:/ST/STM32CubeIDE_1.16.0/STM32CubeIDE/plugins/com.st.stm32cube.ide.mcu.externaltools.gnu-tools-for-stm32.12.3.rel1.win32_1.0.200.202406191623/tools/bin/../lib/gcc/arm-none-eabi/12.3.1/../../../../arm-none-eabi/lib/thumb/v7e-m+fp/hard\libc_nano.a(libc_a-lock.o)
                0x080061a8                __retarget_lock_init_recursive
 .text.__retarget_lock_acquire_recursive
                0x080061aa        0x2 C:/ST/STM32CubeIDE_1.16.0/STM32CubeIDE/plugins/com.st.stm32cube.ide.mcu.externaltools.gnu-tools-for-stm32.12.3.rel1.win32_1.0.200.202406191623/tools/bin/../lib/gcc/arm-none-eabi/12.3.1/../../../../arm-none-eabi/lib/thumb/v7e-m+fp/hard\libc_nano.a(libc_a-lock.o)
                0x080061aa                __retarget_lock_acquire_recursive
 .text.__retarget_lock_release_recursive
                0x080061ac        0x2 C:/ST/STM32CubeIDE_1.16.0/STM32CubeIDE/plugins/com.st.stm32cube.ide.mcu.externaltools.gnu-tools-for-stm32.12.3.rel1.win32_1.0.200.202406191623/tools/bin/../lib/gcc/arm-none-eabi/12.3.1/../../../../arm-none-eabi/lib/thumb/v7e-m+fp/hard\libc_nano.a(libc_a-lock.o)
                0x080061ac                __retarget_lock_release_recursive
 .text.memcpy   0x080061ae       0x1c C:/ST/STM32CubeIDE_1.16.0/STM32CubeIDE/plugins/com.st.stm32cube.ide.mcu.externaltools.gnu-tools-for-stm32.12.3.rel1.win32_1.0.200.202406191623/tools/bin/../lib/gcc/arm-none-eabi/12.3.1/../../../../arm-none-eabi/lib/thumb/v7e-m+fp/hard\libc_nano.a(libc_a-memcpy-stub.o)
                0x080061ae                memcpy
 *fill*         0x080061ca        0x2 
 .text._free_r  0x080061cc       0x94 C:/ST/STM32CubeIDE_1.16.0/STM32CubeIDE/plugins/com.st.stm32cube.ide.mcu.externaltools.gnu-tools-for-stm32.12.3.rel1.win32_1.0.200.202406191623/tools/bin/../lib/gcc/arm-none-eabi/12.3.1/../../../../arm-none-eabi/lib/thumb/v7e-m+fp/hard\libc_nano.a(libc_a-freer.o)
                0x080061cc                _free_r
 .text.sbrk_aligned
                0x08006260       0x44 C:/ST/STM32CubeIDE_1.16.0/STM32CubeIDE/plugins/com.st.stm32cube.ide.mcu.externaltools.gnu-tools-for-stm32.12.3.rel1.win32_1.0.200.202406191623/tools/bin/../lib/gcc/arm-none-eabi/12.3.1/../../../../arm-none-eabi/lib/thumb/v7e-m+fp/hard\libc_nano.a(libc_a-mallocr.o)
 .text._malloc_r
                0x080062a4      0x100 C:/ST/STM32CubeIDE_1.16.0/STM32CubeIDE/plugins/com.st.stm32cube.ide.mcu.externaltools.gnu-tools-for-stm32.12.3.rel1.win32_1.0.200.202406191623/tools/bin/../lib/gcc/arm-none-eabi/12.3.1/../../../../arm-none-eabi/lib/thumb/v7e-m+fp/hard\libc_nano.a(libc_a-mallocr.o)
                0x080062a4                _malloc_r
 .text.__malloc_lock
                0x080063a4        0xc C:/ST/STM32CubeIDE_1.16.0/STM32CubeIDE/plugins/com.st.stm32cube.ide.mcu.externaltools.gnu-tools-for-stm32.12.3.rel1.win32_1.0.200.202406191623/tools/bin/../lib/gcc/arm-none-eabi/12.3.1/../../../../arm-none-eabi/lib/thumb/v7e-m+fp/hard\libc_nano.a(libc_a-mlock.o)
                0x080063a4                __malloc_lock
 .text.__malloc_unlock
                0x080063b0        0xc C:/ST/STM32CubeIDE_1.16.0/STM32CubeIDE/plugins/com.st.stm32cube.ide.mcu.externaltools.gnu-tools-for-stm32.12.3.rel1.win32_1.0.200.202406191623/tools/bin/../lib/gcc/arm-none-eabi/12.3.1/../../../../arm-none-eabi/lib/thumb/v7e-m+fp/hard\libc_nano.a(libc_a-mlock.o)
                0x080063b0                __malloc_unlock
 .text.__sfputc_r
                0x080063bc       0x2e C:/ST/STM32CubeIDE_1.16.0/STM32CubeIDE/plugins/com.st.stm32cube.ide.mcu.externaltools.gnu-tools-for-stm32.12.3.rel1.win32_1.0.200.202406191623/tools/bin/../lib/gcc/arm-none-eabi/12.3.1/../../../../arm-none-eabi/lib/thumb/v7e-m+fp/hard\libc_nano.a(libc_a-nano-vfprintf.o)
 .text.__sfputs_r
                0x080063ea       0x24 C:/ST/STM32CubeIDE_1.16.0/STM32CubeIDE/plugins/com.st.stm32cube.ide.mcu.externaltools.gnu-tools-for-stm32.12.3.rel1.win32_1.0.200.202406191623/tools/bin/../lib/gcc/arm-none-eabi/12.3.1/../../../../arm-none-eabi/lib/thumb/v7e-m+fp/hard\libc_nano.a(libc_a-nano-vfprintf.o)
                0x080063ea                __sfputs_r
 *fill*         0x0800640e        0x2 
 .text._vfprintf_r
                0x08006410      0x230 C:/ST/STM32CubeIDE_1.16.0/STM32CubeIDE/plugins/com.st.stm32cube.ide.mcu.externaltools.gnu-tools-for-stm32.12.3.rel1.win32_1.0.200.202406191623/tools/bin/../lib/gcc/arm-none-eabi/12.3.1/../../../../arm-none-eabi/lib/thumb/v7e-m+fp/hard\libc_nano.a(libc_a-nano-vfprintf.o)
                0x08006410                _vfprintf_r
                0x08006410                _vfiprintf_r
 .text._printf_common
                0x08006640       0xda C:/ST/STM32CubeIDE_1.16.0/STM32CubeIDE/plugins/com.st.stm32cube.ide.mcu.externaltools.gnu-tools-for-stm32.12.3.rel1.win32_1.0.200.202406191623/tools/bin/../lib/gcc/arm-none-eabi/12.3.1/../../../../arm-none-eabi/lib/thumb/v7e-m+fp/hard\libc_nano.a(libc_a-nano-vfprintf_i.o)
                0x08006640                _printf_common
 *fill*         0x0800671a        0x2 
 .text._printf_i
                0x0800671c      0x240 C:/ST/STM32CubeIDE_1.16.0/STM32CubeIDE/plugins/com.st.stm32cube.ide.mcu.externaltools.gnu-tools-for-stm32.12.3.rel1.win32_1.0.200.202406191623/tools/bin/../lib/gcc/arm-none-eabi/12.3.1/../../../../arm-none-eabi/lib/thumb/v7e-m+fp/hard\libc_nano.a(libc_a-nano-vfprintf_i.o)
                0x0800671c                _printf_i
 .text.__sflush_r
                0x0800695c      0x108 C:/ST/STM32CubeIDE_1.16.0/STM32CubeIDE/plugins/com.st.stm32cube.ide.mcu.externaltools.gnu-tools-for-stm32.12.3.rel1.win32_1.0.200.202406191623/tools/bin/../lib/gcc/arm-none-eabi/12.3.1/../../../../arm-none-eabi/lib/thumb/v7e-m+fp/hard\libc_nano.a(libc_a-fflush.o)
                0x0800695c                __sflush_r
 .text._fflush_r
                0x08006a64       0x50 C:/ST/STM32CubeIDE_1.16.0/STM32CubeIDE/plugins/com.st.stm32cube.ide.mcu.externaltools.gnu-tools-for-stm32.12.3.rel1.win32_1.0.200.202406191623/tools/bin/../lib/gcc/arm-none-eabi/12.3.1/../../../../arm-none-eabi/lib/thumb/v7e-m+fp/hard\libc_nano.a(libc_a-fflush.o)
                0x08006a64                _fflush_r
 .text.__swhatbuf_r
                0x08006ab4       0x4c C:/ST/STM32CubeIDE_1.16.0/STM32CubeIDE/plugins/com.st.stm32cube.ide.mcu.externaltools.gnu-tools-for-stm32.12.3.rel1.win32_1.0.200.202406191623/tools/bin/../lib/gcc/arm-none-eabi/12.3.1/../../../../arm-none-eabi/lib/thumb/v7e-m+fp/hard\libc_nano.a(libc_a-makebuf.o)
                0x08006ab4                __swhatbuf_r
 .text.__smakebuf_r
                0x08006b00       0x78 C:/ST/STM32CubeIDE_1.16.0/STM32CubeIDE/plugins/com.st.stm32cube.ide.mcu.externaltools.gnu-tools-for-stm32.12.3.rel1.win32_1.0.200.202406191623/tools/bin/../lib/gcc/arm-none-eabi/12.3.1/../../../../arm-none-eabi/lib/thumb/v7e-m+fp/hard\libc_nano.a(libc_a-makebuf.o)
                0x08006b00                __smakebuf_r
 .text._fstat_r
                0x08006b78       0x24 C:/ST/STM32CubeIDE_1.16.0/STM32CubeIDE/plugins/com.st.stm32cube.ide.mcu.externaltools.gnu-tools-for-stm32.12.3.rel1.win32_1.0.200.202406191623/tools/bin/../lib/gcc/arm-none-eabi/12.3.1/../../../../arm-none-eabi/lib/thumb/v7e-m+fp/hard\libc_nano.a(libc_a-fstatr.o)
                0x08006b78                _fstat_r
 .text._isatty_r
                0x08006b9c       0x20 C:/ST/STM32CubeIDE_1.16.0/STM32CubeIDE/plugins/com.st.stm32cube.ide.mcu.externaltools.gnu-tools-for-stm32.12.3.rel1.win32_1.0.200.202406191623/tools/bin/../lib/gcc/arm-none-eabi/12.3.1/../../../../arm-none-eabi/lib/thumb/v7e-m+fp/hard\libc_nano.a(libc_a-isattyr.o)
                0x08006b9c                _isatty_r
 .text._sbrk_r  0x08006bbc       0x20 C:/ST/STM32CubeIDE_1.16.0/STM32CubeIDE/plugins/com.st.stm32cube.ide.mcu.externaltools.gnu-tools-for-stm32.12.3.rel1.win32_1.0.200.202406191623/tools/bin/../lib/gcc/arm-none-eabi/12.3.1/../../../../arm-none-eabi/lib/thumb/v7e-m+fp/hard\libc_nano.a(libc_a-sbrkr.o)
                0x08006bbc                _sbrk_r
 *(.glue_7)
 .glue_7        0x08006bdc        0x0 linker stubs
 *(.glue_7t)
 .glue_7t       0x08006bdc        0x0 linker stubs
 *(.eh_frame)
 .eh_frame      0x08006bdc        0x0 C:/ST/STM32CubeIDE_1.16.0/STM32CubeIDE/plugins/com.st.stm32cube.ide.mcu.externaltools.gnu-tools-for-stm32.12.3.rel1.win32_1.0.200.202406191623/tools/bin/../lib/gcc/arm-none-eabi/12.3.1/thumb/v7e-m+fp/hard/crtbegin.o
 *(.init)
 .init          0x08006bdc        0x4 C:/ST/STM32CubeIDE_1.16.0/STM32CubeIDE/plugins/com.st.stm32cube.ide.mcu.externaltools.gnu-tools-for-stm32.12.3.rel1.win32_1.0.200.202406191623/tools/bin/../lib/gcc/arm-none-eabi/12.3.1/thumb/v7e-m+fp/hard/crti.o
                0x08006bdc                _init
 .init          0x08006be0        0x8 C:/ST/STM32CubeIDE_1.16.0/STM32CubeIDE/plugins/com.st.stm32cube.ide.mcu.externaltools.gnu-tools-for-stm32.12.3.rel1.win32_1.0.200.202406191623/tools/bin/../lib/gcc/arm-none-eabi/12.3.1/thumb/v7e-m+fp/hard/crtn.o
 *(.fini)
 .fini          0x08006be8        0x4 C:/ST/STM32CubeIDE_1.16.0/STM32CubeIDE/plugins/com.st.stm32cube.ide.mcu.externaltools.gnu-tools-for-stm32.12.3.rel1.win32_1.0.200.202406191623/tools/bin/../lib/gcc/arm-none-eabi/12.3.1/thumb/v7e-m+fp/hard/crti.o
                0x08006be8                _fini
 .fini          0x08006bec        0x8 C:/ST/STM32CubeIDE_1.16.0/STM32CubeIDE/plugins/com.st.stm32cube.ide.mcu.externaltools.gnu-tools-for-stm32.12.3.rel1.win32_1.0.200.202406191623/tools/bin/../lib/gcc/arm-none-eabi/12.3.1/thumb/v7e-m+fp/hard/crtn.o
                0x08006bf4                        . = ALIGN (0x4)
                0x08006bf4                        _etext = .

.vfp11_veneer   0x08006bf4        0x0
 .vfp11_veneer  0x08006bf4        0x0 linker stubs

.v4_bx          0x08006bf4        0x0
 .v4_bx         0x08006bf4        0x0 linker stubs

.iplt           0x08006bf4        0x0
 .iplt          0x08006bf4        0x0 C:/ST/STM32CubeIDE_1.16.0/STM32CubeIDE/plugins/com.st.stm32cube.ide.mcu.externaltools.gnu-tools-for-stm32.12.3.rel1.win32_1.0.200.202406191623/tools/bin/../lib/gcc/arm-none-eabi/12.3.1/thumb/v7e-m+fp/hard/crtbegin.o

.rodata         0x08006bf4      0x398
                0x08006bf4                        . = ALIGN (0x4)
 *(.rodata)
 .rodata        0x08006bf4       0x63 ./Core/Src/main.o
 *fill*         0x08006c57        0x1 
 .rodata        0x08006c58      0x1ba ./Core/Src/pb_decode.o
 *fill*         0x08006e12        0x2 
 .rodata        0x08006e14      0x105 ./Core/Src/pb_encode.o
 *(.rodata*)
 *fill*         0x08006f19        0x3 
 .rodata.SimpleMessage_field_info
                0x08006f1c        0x8 ./Core/Src/simple.pb.o
                0x08006f1c                SimpleMessage_field_info
 .rodata.SimpleMessage_submsg_info
                0x08006f24        0x4 ./Core/Src/simple.pb.o
                0x08006f24                SimpleMessage_submsg_info
 .rodata.SimpleMessage_msg
                0x08006f28       0x18 ./Core/Src/simple.pb.o
                0x08006f28                SimpleMessage_msg
 .rodata.AHBPrescTable
                0x08006f40       0x10 ./Core/Src/system_stm32f4xx.o
                0x08006f40                AHBPrescTable
 .rodata.APBPrescTable
                0x08006f50        0x8 ./Core/Src/system_stm32f4xx.o
                0x08006f50                APBPrescTable
 .rodata._vfprintf_r.str1.1
                0x08006f58       0x11 C:/ST/STM32CubeIDE_1.16.0/STM32CubeIDE/plugins/com.st.stm32cube.ide.mcu.externaltools.gnu-tools-for-stm32.12.3.rel1.win32_1.0.200.202406191623/tools/bin/../lib/gcc/arm-none-eabi/12.3.1/../../../../arm-none-eabi/lib/thumb/v7e-m+fp/hard\libc_nano.a(libc_a-nano-vfprintf.o)
 .rodata._printf_i.str1.1
                0x08006f69       0x22 C:/ST/STM32CubeIDE_1.16.0/STM32CubeIDE/plugins/com.st.stm32cube.ide.mcu.externaltools.gnu-tools-for-stm32.12.3.rel1.win32_1.0.200.202406191623/tools/bin/../lib/gcc/arm-none-eabi/12.3.1/../../../../arm-none-eabi/lib/thumb/v7e-m+fp/hard\libc_nano.a(libc_a-nano-vfprintf_i.o)
                0x08006f8c                        . = ALIGN (0x4)
 *fill*         0x08006f8b        0x1 

.ARM.extab      0x08006f8c        0x0
                0x08006f8c                        . = ALIGN (0x4)
 *(.ARM.extab* .gnu.linkonce.armextab.*)
                0x08006f8c                        . = ALIGN (0x4)

.ARM            0x08006f8c        0x8
                0x08006f8c                        . = ALIGN (0x4)
                0x08006f8c                        __exidx_start = .
 *(.ARM.exidx*)
 .ARM.exidx     0x08006f8c        0x8 C:/ST/STM32CubeIDE_1.16.0/STM32CubeIDE/plugins/com.st.stm32cube.ide.mcu.externaltools.gnu-tools-for-stm32.12.3.rel1.win32_1.0.200.202406191623/tools/bin/../lib/gcc/arm-none-eabi/12.3.1/../../../../arm-none-eabi/lib/thumb/v7e-m+fp/hard\libc_nano.a(libc_a-memchr.o)
 .ARM.exidx     0x08006f94        0x0 C:/ST/STM32CubeIDE_1.16.0/STM32CubeIDE/plugins/com.st.stm32cube.ide.mcu.externaltools.gnu-tools-for-stm32.12.3.rel1.win32_1.0.200.202406191623/tools/bin/../lib/gcc/arm-none-eabi/12.3.1/thumb/v7e-m+fp/hard\libgcc.a(_udivmoddi4.o)
                                  0x8 (size before relaxing)
                0x08006f94                        __exidx_end = .
                0x08006f94                        . = ALIGN (0x4)

.preinit_array  0x08006f94        0x0
                0x08006f94                        . = ALIGN (0x4)
                0x08006f94                        PROVIDE (__preinit_array_start = .)
 *(.preinit_array*)
                0x08006f94                        PROVIDE (__preinit_array_end = .)
                0x08006f94                        . = ALIGN (0x4)

.init_array     0x08006f94        0x4
                0x08006f94                        . = ALIGN (0x4)
                0x08006f94                        PROVIDE (__init_array_start = .)
 *(SORT_BY_NAME(.init_array.*))
 *(.init_array*)
 .init_array    0x08006f94        0x4 C:/ST/STM32CubeIDE_1.16.0/STM32CubeIDE/plugins/com.st.stm32cube.ide.mcu.externaltools.gnu-tools-for-stm32.12.3.rel1.win32_1.0.200.202406191623/tools/bin/../lib/gcc/arm-none-eabi/12.3.1/thumb/v7e-m+fp/hard/crtbegin.o
                0x08006f98                        PROVIDE (__init_array_end = .)
                0x08006f98                        . = ALIGN (0x4)

.fini_array     0x08006f98        0x4
                0x08006f98                        . = ALIGN (0x4)
                [!provide]                        PROVIDE (__fini_array_start = .)
 *(SORT_BY_NAME(.fini_array.*))
 *(.fini_array*)
 .fini_array    0x08006f98        0x4 C:/ST/STM32CubeIDE_1.16.0/STM32CubeIDE/plugins/com.st.stm32cube.ide.mcu.externaltools.gnu-tools-for-stm32.12.3.rel1.win32_1.0.200.202406191623/tools/bin/../lib/gcc/arm-none-eabi/12.3.1/thumb/v7e-m+fp/hard/crtbegin.o
                [!provide]                        PROVIDE (__fini_array_end = .)
                0x08006f9c                        . = ALIGN (0x4)
                0x08006f9c                        _sidata = LOADADDR (.data)

.rel.dyn        0x08006f9c        0x0
 .rel.iplt      0x08006f9c        0x0 C:/ST/STM32CubeIDE_1.16.0/STM32CubeIDE/plugins/com.st.stm32cube.ide.mcu.externaltools.gnu-tools-for-stm32.12.3.rel1.win32_1.0.200.202406191623/tools/bin/../lib/gcc/arm-none-eabi/12.3.1/thumb/v7e-m+fp/hard/crtbegin.o

.data           0x20000000       0x68 load address 0x08006f9c
                0x20000000                        . = ALIGN (0x4)
                0x20000000                        _sdata = .
 *(.data)
 *(.data*)
 .data.SystemCoreClock
                0x20000000        0x4 ./Core/Src/system_stm32f4xx.o
                0x20000000                SystemCoreClock
 .data.uwTickPrio
                0x20000004        0x4 ./Drivers/STM32F4xx_HAL_Driver/Src/stm32f4xx_hal.o
                0x20000004                uwTickPrio
 .data.uwTickFreq
                0x20000008        0x1 ./Drivers/STM32F4xx_HAL_Driver/Src/stm32f4xx_hal.o
                0x20000008                uwTickFreq
 *fill*         0x20000009        0x3 
 .data.__sglue  0x2000000c        0xc C:/ST/STM32CubeIDE_1.16.0/STM32CubeIDE/plugins/com.st.stm32cube.ide.mcu.externaltools.gnu-tools-for-stm32.12.3.rel1.win32_1.0.200.202406191623/tools/bin/../lib/gcc/arm-none-eabi/12.3.1/../../../../arm-none-eabi/lib/thumb/v7e-m+fp/hard\libc_nano.a(libc_a-findfp.o)
                0x2000000c                __sglue
 .data._impure_ptr
                0x20000018        0x4 C:/ST/STM32CubeIDE_1.16.0/STM32CubeIDE/plugins/com.st.stm32cube.ide.mcu.externaltools.gnu-tools-for-stm32.12.3.rel1.win32_1.0.200.202406191623/tools/bin/../lib/gcc/arm-none-eabi/12.3.1/../../../../arm-none-eabi/lib/thumb/v7e-m+fp/hard\libc_nano.a(libc_a-impure.o)
                0x20000018                _impure_ptr
 .data._impure_data
                0x2000001c       0x4c C:/ST/STM32CubeIDE_1.16.0/STM32CubeIDE/plugins/com.st.stm32cube.ide.mcu.externaltools.gnu-tools-for-stm32.12.3.rel1.win32_1.0.200.202406191623/tools/bin/../lib/gcc/arm-none-eabi/12.3.1/../../../../arm-none-eabi/lib/thumb/v7e-m+fp/hard\libc_nano.a(libc_a-impure.o)
                0x2000001c                _impure_data
 *(.RamFunc)
 *(.RamFunc*)
                0x20000068                        . = ALIGN (0x4)
                0x20000068                        _edata = .
                0x08007004                        _siccmram = LOADADDR (.ccmram)

.igot.plt       0x20000068        0x0 load address 0x08007004
 .igot.plt      0x20000068        0x0 C:/ST/STM32CubeIDE_1.16.0/STM32CubeIDE/plugins/com.st.stm32cube.ide.mcu.externaltools.gnu-tools-for-stm32.12.3.rel1.win32_1.0.200.202406191623/tools/bin/../lib/gcc/arm-none-eabi/12.3.1/thumb/v7e-m+fp/hard/crtbegin.o

.ccmram         0x10000000        0x0 load address 0x08007004
                0x10000000                        . = ALIGN (0x4)
                0x10000000                        _sccmram = .
 *(.ccmram)
 *(.ccmram*)
                0x10000000                        . = ALIGN (0x4)
                0x10000000                        _eccmram = .
                0x10000000                        . = ALIGN (0x4)

.bss            0x20000068      0x248
                0x20000068                        _sbss = .
                0x20000068                        __bss_start__ = _sbss
 *(.bss)
 .bss           0x20000068       0x1c C:/ST/STM32CubeIDE_1.16.0/STM32CubeIDE/plugins/com.st.stm32cube.ide.mcu.externaltools.gnu-tools-for-stm32.12.3.rel1.win32_1.0.200.202406191623/tools/bin/../lib/gcc/arm-none-eabi/12.3.1/thumb/v7e-m+fp/hard/crtbegin.o
 *(.bss*)
 .bss.huart1    0x20000084       0x48 ./Core/Src/main.o
                0x20000084                huart1
 .bss.huart3    0x200000cc       0x48 ./Core/Src/main.o
                0x200000cc                huart3
 .bss.htim1     0x20000114       0x48 ./Core/Src/stm32f4xx_hal_timebase_tim.o
                0x20000114                htim1
 .bss.__sbrk_heap_end
                0x2000015c        0x4 ./Core/Src/sysmem.o
 .bss.uwTick    0x20000160        0x4 ./Drivers/STM32F4xx_HAL_Driver/Src/stm32f4xx_hal.o
                0x20000160                uwTick
 .bss.__sf      0x20000164      0x138 C:/ST/STM32CubeIDE_1.16.0/STM32CubeIDE/plugins/com.st.stm32cube.ide.mcu.externaltools.gnu-tools-for-stm32.12.3.rel1.win32_1.0.200.202406191623/tools/bin/../lib/gcc/arm-none-eabi/12.3.1/../../../../arm-none-eabi/lib/thumb/v7e-m+fp/hard\libc_nano.a(libc_a-findfp.o)
                0x20000164                __sf
 .bss.__stdio_exit_handler
                0x2000029c        0x4 C:/ST/STM32CubeIDE_1.16.0/STM32CubeIDE/plugins/com.st.stm32cube.ide.mcu.externaltools.gnu-tools-for-stm32.12.3.rel1.win32_1.0.200.202406191623/tools/bin/../lib/gcc/arm-none-eabi/12.3.1/../../../../arm-none-eabi/lib/thumb/v7e-m+fp/hard\libc_nano.a(libc_a-findfp.o)
                0x2000029c                __stdio_exit_handler
 .bss.errno     0x200002a0        0x4 C:/ST/STM32CubeIDE_1.16.0/STM32CubeIDE/plugins/com.st.stm32cube.ide.mcu.externaltools.gnu-tools-for-stm32.12.3.rel1.win32_1.0.200.202406191623/tools/bin/../lib/gcc/arm-none-eabi/12.3.1/../../../../arm-none-eabi/lib/thumb/v7e-m+fp/hard\libc_nano.a(libc_a-reent.o)
                0x200002a0                errno
 .bss.__lock___malloc_recursive_mutex
                0x200002a4        0x1 C:/ST/STM32CubeIDE_1.16.0/STM32CubeIDE/plugins/com.st.stm32cube.ide.mcu.externaltools.gnu-tools-for-stm32.12.3.rel1.win32_1.0.200.202406191623/tools/bin/../lib/gcc/arm-none-eabi/12.3.1/../../../../arm-none-eabi/lib/thumb/v7e-m+fp/hard\libc_nano.a(libc_a-lock.o)
                0x200002a4                __lock___malloc_recursive_mutex
 .bss.__lock___sfp_recursive_mutex
                0x200002a5        0x1 C:/ST/STM32CubeIDE_1.16.0/STM32CubeIDE/plugins/com.st.stm32cube.ide.mcu.externaltools.gnu-tools-for-stm32.12.3.rel1.win32_1.0.200.202406191623/tools/bin/../lib/gcc/arm-none-eabi/12.3.1/../../../../arm-none-eabi/lib/thumb/v7e-m+fp/hard\libc_nano.a(libc_a-lock.o)
                0x200002a5                __lock___sfp_recursive_mutex
 *fill*         0x200002a6        0x2 
 .bss.__malloc_sbrk_start
                0x200002a8        0x4 C:/ST/STM32CubeIDE_1.16.0/STM32CubeIDE/plugins/com.st.stm32cube.ide.mcu.externaltools.gnu-tools-for-stm32.12.3.rel1.win32_1.0.200.202406191623/tools/bin/../lib/gcc/arm-none-eabi/12.3.1/../../../../arm-none-eabi/lib/thumb/v7e-m+fp/hard\libc_nano.a(libc_a-mallocr.o)
                0x200002a8                __malloc_sbrk_start
 .bss.__malloc_free_list
                0x200002ac        0x4 C:/ST/STM32CubeIDE_1.16.0/STM32CubeIDE/plugins/com.st.stm32cube.ide.mcu.externaltools.gnu-tools-for-stm32.12.3.rel1.win32_1.0.200.202406191623/tools/bin/../lib/gcc/arm-none-eabi/12.3.1/../../../../arm-none-eabi/lib/thumb/v7e-m+fp/hard\libc_nano.a(libc_a-mallocr.o)
                0x200002ac                __malloc_free_list
 *(COMMON)
                0x200002b0                        . = ALIGN (0x4)
                0x200002b0                        _ebss = .
                0x200002b0                        __bss_end__ = _ebss

._user_heap_stack
                0x200002b0     0x6000
                0x200002b0                        . = ALIGN (0x8)
                [!provide]                        PROVIDE (end = .)
                0x200002b0                        PROVIDE (_end = .)
                0x200022b0                        . = (. + _Min_Heap_Size)
 *fill*         0x200002b0     0x2000 
                0x200062b0                        . = (. + _Min_Stack_Size)
 *fill*         0x200022b0     0x4000 
                0x200062b0                        . = ALIGN (0x8)

/DISCARD/
 libc.a(*)
 libm.a(*)
 libgcc.a(*)

.ARM.attributes
                0x00000000       0x30
 *(.ARM.attributes)
 .ARM.attributes
                0x00000000       0x22 C:/ST/STM32CubeIDE_1.16.0/STM32CubeIDE/plugins/com.st.stm32cube.ide.mcu.externaltools.gnu-tools-for-stm32.12.3.rel1.win32_1.0.200.202406191623/tools/bin/../lib/gcc/arm-none-eabi/12.3.1/thumb/v7e-m+fp/hard/crti.o
 .ARM.attributes
                0x00000022       0x34 C:/ST/STM32CubeIDE_1.16.0/STM32CubeIDE/plugins/com.st.stm32cube.ide.mcu.externaltools.gnu-tools-for-stm32.12.3.rel1.win32_1.0.200.202406191623/tools/bin/../lib/gcc/arm-none-eabi/12.3.1/thumb/v7e-m+fp/hard/crtbegin.o
 .ARM.attributes
                0x00000056       0x34 ./Core/Src/main.o
 .ARM.attributes
                0x0000008a       0x34 ./Core/Src/pb_common.o
 .ARM.attributes
                0x000000be       0x34 ./Core/Src/pb_decode.o
 .ARM.attributes
                0x000000f2       0x34 ./Core/Src/pb_encode.o
 .ARM.attributes
                0x00000126       0x34 ./Core/Src/simple.pb.o
 .ARM.attributes
                0x0000015a       0x34 ./Core/Src/stm32f4xx_hal_msp.o
 .ARM.attributes
                0x0000018e       0x34 ./Core/Src/stm32f4xx_hal_timebase_tim.o
 .ARM.attributes
                0x000001c2       0x34 ./Core/Src/stm32f4xx_it.o
 .ARM.attributes
                0x000001f6       0x34 ./Core/Src/syscalls.o
 .ARM.attributes
                0x0000022a       0x34 ./Core/Src/sysmem.o
 .ARM.attributes
                0x0000025e       0x34 ./Core/Src/system_stm32f4xx.o
 .ARM.attributes
                0x00000292       0x21 ./Core/Startup/startup_stm32f407zgtx.o
 .ARM.attributes
                0x000002b3       0x34 ./Drivers/STM32F4xx_HAL_Driver/Src/stm32f4xx_hal.o
 .ARM.attributes
                0x000002e7       0x34 ./Drivers/STM32F4xx_HAL_Driver/Src/stm32f4xx_hal_cortex.o
 .ARM.attributes
                0x0000031b       0x34 ./Drivers/STM32F4xx_HAL_Driver/Src/stm32f4xx_hal_gpio.o
 .ARM.attributes
                0x0000034f       0x34 ./Drivers/STM32F4xx_HAL_Driver/Src/stm32f4xx_hal_rcc.o
 .ARM.attributes
                0x00000383       0x34 ./Drivers/STM32F4xx_HAL_Driver/Src/stm32f4xx_hal_tim.o
 .ARM.attributes
                0x000003b7       0x34 ./Drivers/STM32F4xx_HAL_Driver/Src/stm32f4xx_hal_tim_ex.o
 .ARM.attributes
                0x000003eb       0x34 ./Drivers/STM32F4xx_HAL_Driver/Src/stm32f4xx_hal_uart.o
 .ARM.attributes
                0x0000041f       0x34 C:/ST/STM32CubeIDE_1.16.0/STM32CubeIDE/plugins/com.st.stm32cube.ide.mcu.externaltools.gnu-tools-for-stm32.12.3.rel1.win32_1.0.200.202406191623/tools/bin/../lib/gcc/arm-none-eabi/12.3.1/../../../../arm-none-eabi/lib/thumb/v7e-m+fp/hard\libc_nano.a(libc_a-findfp.o)
 .ARM.attributes
                0x00000453       0x34 C:/ST/STM32CubeIDE_1.16.0/STM32CubeIDE/plugins/com.st.stm32cube.ide.mcu.externaltools.gnu-tools-for-stm32.12.3.rel1.win32_1.0.200.202406191623/tools/bin/../lib/gcc/arm-none-eabi/12.3.1/../../../../arm-none-eabi/lib/thumb/v7e-m+fp/hard\libc_nano.a(libc_a-fwalk.o)
 .ARM.attributes
                0x00000487       0x34 C:/ST/STM32CubeIDE_1.16.0/STM32CubeIDE/plugins/com.st.stm32cube.ide.mcu.externaltools.gnu-tools-for-stm32.12.3.rel1.win32_1.0.200.202406191623/tools/bin/../lib/gcc/arm-none-eabi/12.3.1/../../../../arm-none-eabi/lib/thumb/v7e-m+fp/hard\libc_nano.a(libc_a-printf.o)
 .ARM.attributes
                0x000004bb       0x34 C:/ST/STM32CubeIDE_1.16.0/STM32CubeIDE/plugins/com.st.stm32cube.ide.mcu.externaltools.gnu-tools-for-stm32.12.3.rel1.win32_1.0.200.202406191623/tools/bin/../lib/gcc/arm-none-eabi/12.3.1/../../../../arm-none-eabi/lib/thumb/v7e-m+fp/hard\libc_nano.a(libc_a-puts.o)
 .ARM.attributes
                0x000004ef       0x34 C:/ST/STM32CubeIDE_1.16.0/STM32CubeIDE/plugins/com.st.stm32cube.ide.mcu.externaltools.gnu-tools-for-stm32.12.3.rel1.win32_1.0.200.202406191623/tools/bin/../lib/gcc/arm-none-eabi/12.3.1/../../../../arm-none-eabi/lib/thumb/v7e-m+fp/hard\libc_nano.a(libc_a-stdio.o)
 .ARM.attributes
                0x00000523       0x34 C:/ST/STM32CubeIDE_1.16.0/STM32CubeIDE/plugins/com.st.stm32cube.ide.mcu.externaltools.gnu-tools-for-stm32.12.3.rel1.win32_1.0.200.202406191623/tools/bin/../lib/gcc/arm-none-eabi/12.3.1/../../../../arm-none-eabi/lib/thumb/v7e-m+fp/hard\libc_nano.a(libc_a-wbuf.o)
 .ARM.attributes
                0x00000557       0x34 C:/ST/STM32CubeIDE_1.16.0/STM32CubeIDE/plugins/com.st.stm32cube.ide.mcu.externaltools.gnu-tools-for-stm32.12.3.rel1.win32_1.0.200.202406191623/tools/bin/../lib/gcc/arm-none-eabi/12.3.1/../../../../arm-none-eabi/lib/thumb/v7e-m+fp/hard\libc_nano.a(libc_a-wsetup.o)
 .ARM.attributes
                0x0000058b       0x34 C:/ST/STM32CubeIDE_1.16.0/STM32CubeIDE/plugins/com.st.stm32cube.ide.mcu.externaltools.gnu-tools-for-stm32.12.3.rel1.win32_1.0.200.202406191623/tools/bin/../lib/gcc/arm-none-eabi/12.3.1/../../../../arm-none-eabi/lib/thumb/v7e-m+fp/hard\libc_nano.a(libc_a-memset.o)
 .ARM.attributes
                0x000005bf       0x34 C:/ST/STM32CubeIDE_1.16.0/STM32CubeIDE/plugins/com.st.stm32cube.ide.mcu.externaltools.gnu-tools-for-stm32.12.3.rel1.win32_1.0.200.202406191623/tools/bin/../lib/gcc/arm-none-eabi/12.3.1/../../../../arm-none-eabi/lib/thumb/v7e-m+fp/hard\libc_nano.a(libc_a-closer.o)
 .ARM.attributes
                0x000005f3       0x34 C:/ST/STM32CubeIDE_1.16.0/STM32CubeIDE/plugins/com.st.stm32cube.ide.mcu.externaltools.gnu-tools-for-stm32.12.3.rel1.win32_1.0.200.202406191623/tools/bin/../lib/gcc/arm-none-eabi/12.3.1/../../../../arm-none-eabi/lib/thumb/v7e-m+fp/hard\libc_nano.a(libc_a-reent.o)
 .ARM.attributes
                0x00000627       0x34 C:/ST/STM32CubeIDE_1.16.0/STM32CubeIDE/plugins/com.st.stm32cube.ide.mcu.externaltools.gnu-tools-for-stm32.12.3.rel1.win32_1.0.200.202406191623/tools/bin/../lib/gcc/arm-none-eabi/12.3.1/../../../../arm-none-eabi/lib/thumb/v7e-m+fp/hard\libc_nano.a(libc_a-impure.o)
 .ARM.attributes
                0x0000065b       0x34 C:/ST/STM32CubeIDE_1.16.0/STM32CubeIDE/plugins/com.st.stm32cube.ide.mcu.externaltools.gnu-tools-for-stm32.12.3.rel1.win32_1.0.200.202406191623/tools/bin/../lib/gcc/arm-none-eabi/12.3.1/../../../../arm-none-eabi/lib/thumb/v7e-m+fp/hard\libc_nano.a(libc_a-lseekr.o)
 .ARM.attributes
                0x0000068f       0x34 C:/ST/STM32CubeIDE_1.16.0/STM32CubeIDE/plugins/com.st.stm32cube.ide.mcu.externaltools.gnu-tools-for-stm32.12.3.rel1.win32_1.0.200.202406191623/tools/bin/../lib/gcc/arm-none-eabi/12.3.1/../../../../arm-none-eabi/lib/thumb/v7e-m+fp/hard\libc_nano.a(libc_a-readr.o)
 .ARM.attributes
                0x000006c3       0x34 C:/ST/STM32CubeIDE_1.16.0/STM32CubeIDE/plugins/com.st.stm32cube.ide.mcu.externaltools.gnu-tools-for-stm32.12.3.rel1.win32_1.0.200.202406191623/tools/bin/../lib/gcc/arm-none-eabi/12.3.1/../../../../arm-none-eabi/lib/thumb/v7e-m+fp/hard\libc_nano.a(libc_a-writer.o)
 .ARM.attributes
                0x000006f7       0x34 C:/ST/STM32CubeIDE_1.16.0/STM32CubeIDE/plugins/com.st.stm32cube.ide.mcu.externaltools.gnu-tools-for-stm32.12.3.rel1.win32_1.0.200.202406191623/tools/bin/../lib/gcc/arm-none-eabi/12.3.1/../../../../arm-none-eabi/lib/thumb/v7e-m+fp/hard\libc_nano.a(libc_a-errno.o)
 .ARM.attributes
                0x0000072b       0x34 C:/ST/STM32CubeIDE_1.16.0/STM32CubeIDE/plugins/com.st.stm32cube.ide.mcu.externaltools.gnu-tools-for-stm32.12.3.rel1.win32_1.0.200.202406191623/tools/bin/../lib/gcc/arm-none-eabi/12.3.1/../../../../arm-none-eabi/lib/thumb/v7e-m+fp/hard\libc_nano.a(libc_a-init.o)
 .ARM.attributes
                0x0000075f       0x34 C:/ST/STM32CubeIDE_1.16.0/STM32CubeIDE/plugins/com.st.stm32cube.ide.mcu.externaltools.gnu-tools-for-stm32.12.3.rel1.win32_1.0.200.202406191623/tools/bin/../lib/gcc/arm-none-eabi/12.3.1/../../../../arm-none-eabi/lib/thumb/v7e-m+fp/hard\libc_nano.a(libc_a-lock.o)
 .ARM.attributes
                0x00000793       0x34 C:/ST/STM32CubeIDE_1.16.0/STM32CubeIDE/plugins/com.st.stm32cube.ide.mcu.externaltools.gnu-tools-for-stm32.12.3.rel1.win32_1.0.200.202406191623/tools/bin/../lib/gcc/arm-none-eabi/12.3.1/../../../../arm-none-eabi/lib/thumb/v7e-m+fp/hard\libc_nano.a(libc_a-memcpy-stub.o)
 .ARM.attributes
                0x000007c7       0x34 C:/ST/STM32CubeIDE_1.16.0/STM32CubeIDE/plugins/com.st.stm32cube.ide.mcu.externaltools.gnu-tools-for-stm32.12.3.rel1.win32_1.0.200.202406191623/tools/bin/../lib/gcc/arm-none-eabi/12.3.1/../../../../arm-none-eabi/lib/thumb/v7e-m+fp/hard\libc_nano.a(libc_a-freer.o)
 .ARM.attributes
                0x000007fb       0x34 C:/ST/STM32CubeIDE_1.16.0/STM32CubeIDE/plugins/com.st.stm32cube.ide.mcu.externaltools.gnu-tools-for-stm32.12.3.rel1.win32_1.0.200.202406191623/tools/bin/../lib/gcc/arm-none-eabi/12.3.1/../../../../arm-none-eabi/lib/thumb/v7e-m+fp/hard\libc_nano.a(libc_a-mallocr.o)
 .ARM.attributes
                0x0000082f       0x34 C:/ST/STM32CubeIDE_1.16.0/STM32CubeIDE/plugins/com.st.stm32cube.ide.mcu.externaltools.gnu-tools-for-stm32.12.3.rel1.win32_1.0.200.202406191623/tools/bin/../lib/gcc/arm-none-eabi/12.3.1/../../../../arm-none-eabi/lib/thumb/v7e-m+fp/hard\libc_nano.a(libc_a-mlock.o)
 .ARM.attributes
                0x00000863       0x34 C:/ST/STM32CubeIDE_1.16.0/STM32CubeIDE/plugins/com.st.stm32cube.ide.mcu.externaltools.gnu-tools-for-stm32.12.3.rel1.win32_1.0.200.202406191623/tools/bin/../lib/gcc/arm-none-eabi/12.3.1/../../../../arm-none-eabi/lib/thumb/v7e-m+fp/hard\libc_nano.a(libc_a-nano-vfprintf.o)
 .ARM.attributes
                0x00000897       0x34 C:/ST/STM32CubeIDE_1.16.0/STM32CubeIDE/plugins/com.st.stm32cube.ide.mcu.externaltools.gnu-tools-for-stm32.12.3.rel1.win32_1.0.200.202406191623/tools/bin/../lib/gcc/arm-none-eabi/12.3.1/../../../../arm-none-eabi/lib/thumb/v7e-m+fp/hard\libc_nano.a(libc_a-nano-vfprintf_i.o)
 .ARM.attributes
                0x000008cb       0x34 C:/ST/STM32CubeIDE_1.16.0/STM32CubeIDE/plugins/com.st.stm32cube.ide.mcu.externaltools.gnu-tools-for-stm32.12.3.rel1.win32_1.0.200.202406191623/tools/bin/../lib/gcc/arm-none-eabi/12.3.1/../../../../arm-none-eabi/lib/thumb/v7e-m+fp/hard\libc_nano.a(libc_a-fflush.o)
 .ARM.attributes
                0x000008ff       0x34 C:/ST/STM32CubeIDE_1.16.0/STM32CubeIDE/plugins/com.st.stm32cube.ide.mcu.externaltools.gnu-tools-for-stm32.12.3.rel1.win32_1.0.200.202406191623/tools/bin/../lib/gcc/arm-none-eabi/12.3.1/../../../../arm-none-eabi/lib/thumb/v7e-m+fp/hard\libc_nano.a(libc_a-makebuf.o)
 .ARM.attributes
                0x00000933       0x34 C:/ST/STM32CubeIDE_1.16.0/STM32CubeIDE/plugins/com.st.stm32cube.ide.mcu.externaltools.gnu-tools-for-stm32.12.3.rel1.win32_1.0.200.202406191623/tools/bin/../lib/gcc/arm-none-eabi/12.3.1/../../../../arm-none-eabi/lib/thumb/v7e-m+fp/hard\libc_nano.a(libc_a-fstatr.o)
 .ARM.attributes
                0x00000967       0x34 C:/ST/STM32CubeIDE_1.16.0/STM32CubeIDE/plugins/com.st.stm32cube.ide.mcu.externaltools.gnu-tools-for-stm32.12.3.rel1.win32_1.0.200.202406191623/tools/bin/../lib/gcc/arm-none-eabi/12.3.1/../../../../arm-none-eabi/lib/thumb/v7e-m+fp/hard\libc_nano.a(libc_a-isattyr.o)
 .ARM.attributes
                0x0000099b       0x34 C:/ST/STM32CubeIDE_1.16.0/STM32CubeIDE/plugins/com.st.stm32cube.ide.mcu.externaltools.gnu-tools-for-stm32.12.3.rel1.win32_1.0.200.202406191623/tools/bin/../lib/gcc/arm-none-eabi/12.3.1/../../../../arm-none-eabi/lib/thumb/v7e-m+fp/hard\libc_nano.a(libc_a-sbrkr.o)
 .ARM.attributes
                0x000009cf       0x1c C:/ST/STM32CubeIDE_1.16.0/STM32CubeIDE/plugins/com.st.stm32cube.ide.mcu.externaltools.gnu-tools-for-stm32.12.3.rel1.win32_1.0.200.202406191623/tools/bin/../lib/gcc/arm-none-eabi/12.3.1/../../../../arm-none-eabi/lib/thumb/v7e-m+fp/hard\libc_nano.a(libc_a-memchr.o)
 .ARM.attributes
                0x000009eb       0x22 C:/ST/STM32CubeIDE_1.16.0/STM32CubeIDE/plugins/com.st.stm32cube.ide.mcu.externaltools.gnu-tools-for-stm32.12.3.rel1.win32_1.0.200.202406191623/tools/bin/../lib/gcc/arm-none-eabi/12.3.1/thumb/v7e-m+fp/hard\libgcc.a(_aeabi_uldivmod.o)
 .ARM.attributes
                0x00000a0d       0x34 C:/ST/STM32CubeIDE_1.16.0/STM32CubeIDE/plugins/com.st.stm32cube.ide.mcu.externaltools.gnu-tools-for-stm32.12.3.rel1.win32_1.0.200.202406191623/tools/bin/../lib/gcc/arm-none-eabi/12.3.1/thumb/v7e-m+fp/hard\libgcc.a(_udivmoddi4.o)
 .ARM.attributes
                0x00000a41       0x22 C:/ST/STM32CubeIDE_1.16.0/STM32CubeIDE/plugins/com.st.stm32cube.ide.mcu.externaltools.gnu-tools-for-stm32.12.3.rel1.win32_1.0.200.202406191623/tools/bin/../lib/gcc/arm-none-eabi/12.3.1/thumb/v7e-m+fp/hard\libgcc.a(_dvmd_tls.o)
 .ARM.attributes
                0x00000a63       0x22 C:/ST/STM32CubeIDE_1.16.0/STM32CubeIDE/plugins/com.st.stm32cube.ide.mcu.externaltools.gnu-tools-for-stm32.12.3.rel1.win32_1.0.200.202406191623/tools/bin/../lib/gcc/arm-none-eabi/12.3.1/thumb/v7e-m+fp/hard/crtn.o
OUTPUT(NanoPb.elf elf32-littlearm)
LOAD linker stubs
LOAD C:/ST/STM32CubeIDE_1.16.0/STM32CubeIDE/plugins/com.st.stm32cube.ide.mcu.externaltools.gnu-tools-for-stm32.12.3.rel1.win32_1.0.200.202406191623/tools/bin/../lib/gcc/arm-none-eabi/12.3.1/../../../../arm-none-eabi/lib/thumb/v7e-m+fp/hard\libc.a
LOAD C:/ST/STM32CubeIDE_1.16.0/STM32CubeIDE/plugins/com.st.stm32cube.ide.mcu.externaltools.gnu-tools-for-stm32.12.3.rel1.win32_1.0.200.202406191623/tools/bin/../lib/gcc/arm-none-eabi/12.3.1/../../../../arm-none-eabi/lib/thumb/v7e-m+fp/hard\libm.a
LOAD C:/ST/STM32CubeIDE_1.16.0/STM32CubeIDE/plugins/com.st.stm32cube.ide.mcu.externaltools.gnu-tools-for-stm32.12.3.rel1.win32_1.0.200.202406191623/tools/bin/../lib/gcc/arm-none-eabi/12.3.1/thumb/v7e-m+fp/hard\libgcc.a

.debug_info     0x00000000    0x10322
 .debug_info    0x00000000     0x12e2 ./Core/Src/main.o
 .debug_info    0x000012e2      0x8be ./Core/Src/pb_common.o
 .debug_info    0x00001ba0     0x165a ./Core/Src/pb_decode.o
 .debug_info    0x000031fa     0x10dc ./Core/Src/pb_encode.o
 .debug_info    0x000042d6      0x34d ./Core/Src/simple.pb.o
 .debug_info    0x00004623      0x921 ./Core/Src/stm32f4xx_hal_msp.o
 .debug_info    0x00004f44      0xbe0 ./Core/Src/stm32f4xx_hal_timebase_tim.o
 .debug_info    0x00005b24      0x6db ./Core/Src/stm32f4xx_it.o
 .debug_info    0x000061ff      0x6a3 ./Core/Src/syscalls.o
 .debug_info    0x000068a2      0x168 ./Core/Src/sysmem.o
 .debug_info    0x00006a0a      0x512 ./Core/Src/system_stm32f4xx.o
 .debug_info    0x00006f1c       0x30 ./Core/Startup/startup_stm32f407zgtx.o
 .debug_info    0x00006f4c      0x944 ./Drivers/STM32F4xx_HAL_Driver/Src/stm32f4xx_hal.o
 .debug_info    0x00007890      0xd57 ./Drivers/STM32F4xx_HAL_Driver/Src/stm32f4xx_hal_cortex.o
 .debug_info    0x000085e7      0x6c3 ./Drivers/STM32F4xx_HAL_Driver/Src/stm32f4xx_hal_gpio.o
 .debug_info    0x00008caa      0x8b1 ./Drivers/STM32F4xx_HAL_Driver/Src/stm32f4xx_hal_rcc.o
 .debug_info    0x0000955b     0x299d ./Drivers/STM32F4xx_HAL_Driver/Src/stm32f4xx_hal_tim.o
 .debug_info    0x0000bef8     0x14db ./Drivers/STM32F4xx_HAL_Driver/Src/stm32f4xx_hal_tim_ex.o
 .debug_info    0x0000d3d3     0x2f4f ./Drivers/STM32F4xx_HAL_Driver/Src/stm32f4xx_hal_uart.o

.debug_abbrev   0x00000000     0x26ec
 .debug_abbrev  0x00000000      0x325 ./Core/Src/main.o
 .debug_abbrev  0x00000325      0x249 ./Core/Src/pb_common.o
 .debug_abbrev  0x0000056e      0x303 ./Core/Src/pb_decode.o
 .debug_abbrev  0x00000871      0x2c2 ./Core/Src/pb_encode.o
 .debug_abbrev  0x00000b33      0x11c ./Core/Src/simple.pb.o
 .debug_abbrev  0x00000c4f      0x1ad ./Core/Src/stm32f4xx_hal_msp.o
 .debug_abbrev  0x00000dfc      0x1f4 ./Core/Src/stm32f4xx_hal_timebase_tim.o
 .debug_abbrev  0x00000ff0      0x17d ./Core/Src/stm32f4xx_it.o
 .debug_abbrev  0x0000116d      0x1b6 ./Core/Src/syscalls.o
 .debug_abbrev  0x00001323       0xbc ./Core/Src/sysmem.o
 .debug_abbrev  0x000013df      0x11a ./Core/Src/system_stm32f4xx.o
 .debug_abbrev  0x000014f9       0x24 ./Core/Startup/startup_stm32f407zgtx.o
 .debug_abbrev  0x0000151d      0x214 ./Drivers/STM32F4xx_HAL_Driver/Src/stm32f4xx_hal.o
 .debug_abbrev  0x00001731      0x328 ./Drivers/STM32F4xx_HAL_Driver/Src/stm32f4xx_hal_cortex.o
 .debug_abbrev  0x00001a59      0x1d4 ./Drivers/STM32F4xx_HAL_Driver/Src/stm32f4xx_hal_gpio.o
 .debug_abbrev  0x00001c2d      0x2b6 ./Drivers/STM32F4xx_HAL_Driver/Src/stm32f4xx_hal_rcc.o
 .debug_abbrev  0x00001ee3      0x278 ./Drivers/STM32F4xx_HAL_Driver/Src/stm32f4xx_hal_tim.o
 .debug_abbrev  0x0000215b      0x283 ./Drivers/STM32F4xx_HAL_Driver/Src/stm32f4xx_hal_tim_ex.o
 .debug_abbrev  0x000023de      0x30e ./Drivers/STM32F4xx_HAL_Driver/Src/stm32f4xx_hal_uart.o

.debug_aranges  0x00000000      0xf38
 .debug_aranges
                0x00000000       0x58 ./Core/Src/main.o
 .debug_aranges
                0x00000058       0x70 ./Core/Src/pb_common.o
 .debug_aranges
                0x000000c8      0x140 ./Core/Src/pb_decode.o
 .debug_aranges
                0x00000208      0x108 ./Core/Src/pb_encode.o
 .debug_aranges
                0x00000310       0x18 ./Core/Src/simple.pb.o
 .debug_aranges
                0x00000328       0x30 ./Core/Src/stm32f4xx_hal_msp.o
 .debug_aranges
                0x00000358       0x30 ./Core/Src/stm32f4xx_hal_timebase_tim.o
 .debug_aranges
                0x00000388       0x68 ./Core/Src/stm32f4xx_it.o
 .debug_aranges
                0x000003f0       0xa8 ./Core/Src/syscalls.o
 .debug_aranges
                0x00000498       0x20 ./Core/Src/sysmem.o
 .debug_aranges
                0x000004b8       0x28 ./Core/Src/system_stm32f4xx.o
 .debug_aranges
                0x000004e0       0x28 ./Core/Startup/startup_stm32f407zgtx.o
 .debug_aranges
                0x00000508       0xf0 ./Drivers/STM32F4xx_HAL_Driver/Src/stm32f4xx_hal.o
 .debug_aranges
                0x000005f8      0x120 ./Drivers/STM32F4xx_HAL_Driver/Src/stm32f4xx_hal_cortex.o
 .debug_aranges
                0x00000718       0x58 ./Drivers/STM32F4xx_HAL_Driver/Src/stm32f4xx_hal_gpio.o
 .debug_aranges
                0x00000770       0x88 ./Drivers/STM32F4xx_HAL_Driver/Src/stm32f4xx_hal_rcc.o
 .debug_aranges
                0x000007f8      0x3d0 ./Drivers/STM32F4xx_HAL_Driver/Src/stm32f4xx_hal_tim.o
 .debug_aranges
                0x00000bc8      0x168 ./Drivers/STM32F4xx_HAL_Driver/Src/stm32f4xx_hal_tim_ex.o
 .debug_aranges
                0x00000d30      0x208 ./Drivers/STM32F4xx_HAL_Driver/Src/stm32f4xx_hal_uart.o

.debug_rnglists
                0x00000000      0xbf2
 .debug_rnglists
                0x00000000       0x3f ./Core/Src/main.o
 .debug_rnglists
                0x0000003f       0x52 ./Core/Src/pb_common.o
 .debug_rnglists
                0x00000091      0x129 ./Core/Src/pb_decode.o
 .debug_rnglists
                0x000001ba       0xcd ./Core/Src/pb_encode.o
 .debug_rnglists
                0x00000287       0x20 ./Core/Src/stm32f4xx_hal_msp.o
 .debug_rnglists
                0x000002a7       0x20 ./Core/Src/stm32f4xx_hal_timebase_tim.o
 .debug_rnglists
                0x000002c7       0x49 ./Core/Src/stm32f4xx_it.o
 .debug_rnglists
                0x00000310       0x79 ./Core/Src/syscalls.o
 .debug_rnglists
                0x00000389       0x13 ./Core/Src/sysmem.o
 .debug_rnglists
                0x0000039c       0x1a ./Core/Src/system_stm32f4xx.o
 .debug_rnglists
                0x000003b6       0x19 ./Core/Startup/startup_stm32f407zgtx.o
 .debug_rnglists
                0x000003cf       0xaf ./Drivers/STM32F4xx_HAL_Driver/Src/stm32f4xx_hal.o
 .debug_rnglists
                0x0000047e       0xd4 ./Drivers/STM32F4xx_HAL_Driver/Src/stm32f4xx_hal_cortex.o
 .debug_rnglists
                0x00000552       0x3f ./Drivers/STM32F4xx_HAL_Driver/Src/stm32f4xx_hal_gpio.o
 .debug_rnglists
                0x00000591       0x66 ./Drivers/STM32F4xx_HAL_Driver/Src/stm32f4xx_hal_rcc.o
 .debug_rnglists
                0x000005f7      0x31a ./Drivers/STM32F4xx_HAL_Driver/Src/stm32f4xx_hal_tim.o
 .debug_rnglists
                0x00000911      0x125 ./Drivers/STM32F4xx_HAL_Driver/Src/stm32f4xx_hal_tim_ex.o
 .debug_rnglists
                0x00000a36      0x1bc ./Drivers/STM32F4xx_HAL_Driver/Src/stm32f4xx_hal_uart.o

.debug_macro    0x00000000    0x22ca2
 .debug_macro   0x00000000      0x368 ./Core/Src/main.o
 .debug_macro   0x00000368      0xab4 ./Core/Src/main.o
 .debug_macro   0x00000e1c      0x29b ./Core/Src/main.o
 .debug_macro   0x000010b7       0x2e ./Core/Src/main.o
 .debug_macro   0x000010e5       0x2f ./Core/Src/main.o
 .debug_macro   0x00001114       0x22 ./Core/Src/main.o
 .debug_macro   0x00001136       0x8e ./Core/Src/main.o
 .debug_macro   0x000011c4       0x51 ./Core/Src/main.o
 .debug_macro   0x00001215      0x103 ./Core/Src/main.o
 .debug_macro   0x00001318       0x6a ./Core/Src/main.o
 .debug_macro   0x00001382      0x1df ./Core/Src/main.o
 .debug_macro   0x00001561       0x1c ./Core/Src/main.o
 .debug_macro   0x0000157d       0x22 ./Core/Src/main.o
 .debug_macro   0x0000159f       0xfb ./Core/Src/main.o
 .debug_macro   0x0000169a     0x1011 ./Core/Src/main.o
 .debug_macro   0x000026ab      0x11f ./Core/Src/main.o
 .debug_macro   0x000027ca    0x15e97 ./Core/Src/main.o
 .debug_macro   0x00018661       0x6d ./Core/Src/main.o
 .debug_macro   0x000186ce     0x368c ./Core/Src/main.o
 .debug_macro   0x0001bd5a      0x189 ./Core/Src/main.o
 .debug_macro   0x0001bee3       0x5c ./Core/Src/main.o
 .debug_macro   0x0001bf3f      0x980 ./Core/Src/main.o
 .debug_macro   0x0001c8bf      0x9e9 ./Core/Src/main.o
 .debug_macro   0x0001d2a8      0x115 ./Core/Src/main.o
 .debug_macro   0x0001d3bd      0x13e ./Core/Src/main.o
 .debug_macro   0x0001d4fb       0xa5 ./Core/Src/main.o
 .debug_macro   0x0001d5a0      0x174 ./Core/Src/main.o
 .debug_macro   0x0001d714      0x287 ./Core/Src/main.o
 .debug_macro   0x0001d99b       0x5f ./Core/Src/main.o
 .debug_macro   0x0001d9fa      0x236 ./Core/Src/main.o
 .debug_macro   0x0001dc30      0x12c ./Core/Src/main.o
 .debug_macro   0x0001dd5c      0x21e ./Core/Src/main.o
 .debug_macro   0x0001df7a       0x2e ./Core/Src/main.o
 .debug_macro   0x0001dfa8      0x127 ./Core/Src/main.o
 .debug_macro   0x0001e0cf       0x7e ./Core/Src/main.o
 .debug_macro   0x0001e14d       0x89 ./Core/Src/main.o
 .debug_macro   0x0001e1d6      0x8ed ./Core/Src/main.o
 .debug_macro   0x0001eac3       0x4d ./Core/Src/main.o
 .debug_macro   0x0001eb10      0x2aa ./Core/Src/main.o
 .debug_macro   0x0001edba      0x12d ./Core/Src/main.o
 .debug_macro   0x0001eee7       0x61 ./Core/Src/main.o
 .debug_macro   0x0001ef48       0x2a ./Core/Src/main.o
 .debug_macro   0x0001ef72       0x43 ./Core/Src/main.o
 .debug_macro   0x0001efb5       0x34 ./Core/Src/main.o
 .debug_macro   0x0001efe9       0x16 ./Core/Src/main.o
 .debug_macro   0x0001efff       0x35 ./Core/Src/main.o
 .debug_macro   0x0001f034      0x369 ./Core/Src/main.o
 .debug_macro   0x0001f39d       0x10 ./Core/Src/main.o
 .debug_macro   0x0001f3ad       0x16 ./Core/Src/main.o
 .debug_macro   0x0001f3c3       0x43 ./Core/Src/main.o
 .debug_macro   0x0001f406       0x34 ./Core/Src/main.o
 .debug_macro   0x0001f43a       0x10 ./Core/Src/main.o
 .debug_macro   0x0001f44a       0x58 ./Core/Src/main.o
 .debug_macro   0x0001f4a2       0x8e ./Core/Src/main.o
 .debug_macro   0x0001f530       0x1c ./Core/Src/main.o
 .debug_macro   0x0001f54c      0x177 ./Core/Src/main.o
 .debug_macro   0x0001f6c3       0x16 ./Core/Src/main.o
 .debug_macro   0x0001f6d9       0x16 ./Core/Src/main.o
 .debug_macro   0x0001f6ef      0x146 ./Core/Src/main.o
 .debug_macro   0x0001f835       0x10 ./Core/Src/main.o
 .debug_macro   0x0001f845       0x22 ./Core/Src/main.o
 .debug_macro   0x0001f867       0x16 ./Core/Src/main.o
 .debug_macro   0x0001f87d       0x20 ./Core/Src/main.o
 .debug_macro   0x0001f89d       0x7c ./Core/Src/main.o
 .debug_macro   0x0001f919       0x17 ./Core/Src/main.o
 .debug_macro   0x0001f930      0x118 ./Core/Src/main.o
 .debug_macro   0x0001fa48      0x660 ./Core/Src/main.o
 .debug_macro   0x000200a8       0x22 ./Core/Src/main.o
 .debug_macro   0x000200ca       0x3a ./Core/Src/main.o
 .debug_macro   0x00020104       0x3a ./Core/Src/main.o
 .debug_macro   0x0002013e      0x197 ./Core/Src/pb_common.o
 .debug_macro   0x000202d5       0x10 ./Core/Src/pb_common.o
 .debug_macro   0x000202e5      0x1bc ./Core/Src/pb_decode.o
 .debug_macro   0x000204a1       0x34 ./Core/Src/pb_decode.o
 .debug_macro   0x000204d5      0x1bc ./Core/Src/pb_encode.o
 .debug_macro   0x00020691      0x19c ./Core/Src/simple.pb.o
 .debug_macro   0x0002082d      0x1d8 ./Core/Src/stm32f4xx_hal_msp.o
 .debug_macro   0x00020a05      0x1ce ./Core/Src/stm32f4xx_hal_timebase_tim.o
 .debug_macro   0x00020bd3      0x1e2 ./Core/Src/stm32f4xx_it.o
 .debug_macro   0x00020db5      0x274 ./Core/Src/syscalls.o
 .debug_macro   0x00021029       0x5b ./Core/Src/syscalls.o
 .debug_macro   0x00021084       0x94 ./Core/Src/syscalls.o
 .debug_macro   0x00021118       0x57 ./Core/Src/syscalls.o
 .debug_macro   0x0002116f       0x10 ./Core/Src/syscalls.o
 .debug_macro   0x0002117f       0x10 ./Core/Src/syscalls.o
 .debug_macro   0x0002118f       0x10 ./Core/Src/syscalls.o
 .debug_macro   0x0002119f       0x10 ./Core/Src/syscalls.o
 .debug_macro   0x000211af       0x1c ./Core/Src/syscalls.o
 .debug_macro   0x000211cb       0x52 ./Core/Src/syscalls.o
 .debug_macro   0x0002121d       0x22 ./Core/Src/syscalls.o
 .debug_macro   0x0002123f       0x10 ./Core/Src/syscalls.o
 .debug_macro   0x0002124f       0x52 ./Core/Src/syscalls.o
 .debug_macro   0x000212a1       0xcf ./Core/Src/syscalls.o
 .debug_macro   0x00021370       0x1c ./Core/Src/syscalls.o
 .debug_macro   0x0002138c       0x3d ./Core/Src/syscalls.o
 .debug_macro   0x000213c9       0x35 ./Core/Src/syscalls.o
 .debug_macro   0x000213fe      0x12c ./Core/Src/syscalls.o
 .debug_macro   0x0002152a       0x16 ./Core/Src/syscalls.o
 .debug_macro   0x00021540       0x16 ./Core/Src/syscalls.o
 .debug_macro   0x00021556       0x29 ./Core/Src/syscalls.o
 .debug_macro   0x0002157f       0x10 ./Core/Src/syscalls.o
 .debug_macro   0x0002158f      0x242 ./Core/Src/syscalls.o
 .debug_macro   0x000217d1       0x1c ./Core/Src/syscalls.o
 .debug_macro   0x000217ed       0x10 ./Core/Src/syscalls.o
 .debug_macro   0x000217fd      0x18a ./Core/Src/syscalls.o
 .debug_macro   0x00021987       0x16 ./Core/Src/syscalls.o
 .debug_macro   0x0002199d       0xce ./Core/Src/syscalls.o
 .debug_macro   0x00021a6b       0xff ./Core/Src/sysmem.o
 .debug_macro   0x00021b6a      0x23c ./Core/Src/sysmem.o
 .debug_macro   0x00021da6      0x1ce ./Core/Src/system_stm32f4xx.o
 .debug_macro   0x00021f74      0x22e ./Drivers/STM32F4xx_HAL_Driver/Src/stm32f4xx_hal.o
 .debug_macro   0x000221a2      0x1ce ./Drivers/STM32F4xx_HAL_Driver/Src/stm32f4xx_hal_cortex.o
 .debug_macro   0x00022370      0x1d4 ./Drivers/STM32F4xx_HAL_Driver/Src/stm32f4xx_hal_gpio.o
 .debug_macro   0x00022544      0x1f2 ./Drivers/STM32F4xx_HAL_Driver/Src/stm32f4xx_hal_rcc.o
 .debug_macro   0x00022736      0x1cf ./Drivers/STM32F4xx_HAL_Driver/Src/stm32f4xx_hal_tim.o
 .debug_macro   0x00022905      0x1ce ./Drivers/STM32F4xx_HAL_Driver/Src/stm32f4xx_hal_tim_ex.o
 .debug_macro   0x00022ad3      0x1cf ./Drivers/STM32F4xx_HAL_Driver/Src/stm32f4xx_hal_uart.o

.debug_line     0x00000000    0x1216a
 .debug_line    0x00000000      0xbba ./Core/Src/main.o
 .debug_line    0x00000bba      0xa84 ./Core/Src/pb_common.o
 .debug_line    0x0000163e     0x1882 ./Core/Src/pb_decode.o
 .debug_line    0x00002ec0     0x120a ./Core/Src/pb_encode.o
 .debug_line    0x000040ca      0x69b ./Core/Src/simple.pb.o
 .debug_line    0x00004765      0x7ce ./Core/Src/stm32f4xx_hal_msp.o
 .debug_line    0x00004f33      0x7bc ./Core/Src/stm32f4xx_hal_timebase_tim.o
 .debug_line    0x000056ef      0x824 ./Core/Src/stm32f4xx_it.o
 .debug_line    0x00005f13      0x8b2 ./Core/Src/syscalls.o
 .debug_line    0x000067c5      0x583 ./Core/Src/sysmem.o
 .debug_line    0x00006d48      0x7d3 ./Core/Src/system_stm32f4xx.o
 .debug_line    0x0000751b       0x7a ./Core/Startup/startup_stm32f407zgtx.o
 .debug_line    0x00007595      0xa3c ./Drivers/STM32F4xx_HAL_Driver/Src/stm32f4xx_hal.o
 .debug_line    0x00007fd1      0xd04 ./Drivers/STM32F4xx_HAL_Driver/Src/stm32f4xx_hal_cortex.o
 .debug_line    0x00008cd5      0xbc8 ./Drivers/STM32F4xx_HAL_Driver/Src/stm32f4xx_hal_gpio.o
 .debug_line    0x0000989d      0xdad ./Drivers/STM32F4xx_HAL_Driver/Src/stm32f4xx_hal_rcc.o
 .debug_line    0x0000a64a     0x37e0 ./Drivers/STM32F4xx_HAL_Driver/Src/stm32f4xx_hal_tim.o
 .debug_line    0x0000de2a     0x1a32 ./Drivers/STM32F4xx_HAL_Driver/Src/stm32f4xx_hal_tim_ex.o
 .debug_line    0x0000f85c     0x290e ./Drivers/STM32F4xx_HAL_Driver/Src/stm32f4xx_hal_uart.o

.debug_str      0x00000000    0xd2b7c
 .debug_str     0x00000000    0xcd1f6 ./Core/Src/main.o
                              0xcd69d (size before relaxing)
 .debug_str     0x000cd1f6      0x28c ./Core/Src/pb_common.o
                               0xc740 (size before relaxing)
 .debug_str     0x000cd482      0x494 ./Core/Src/pb_decode.o
                               0xcd31 (size before relaxing)
 .debug_str     0x000cd916      0x25a ./Core/Src/pb_encode.o
                               0xcaf6 (size before relaxing)
 .debug_str     0x000cdb70       0x4b ./Core/Src/simple.pb.o
                               0xc653 (size before relaxing)
 .debug_str     0x000cdbbb       0xdc ./Core/Src/stm32f4xx_hal_msp.o
                              0xc4327 (size before relaxing)
 .debug_str     0x000cdc97      0x5fa ./Core/Src/stm32f4xx_hal_timebase_tim.o
                              0xc499f (size before relaxing)
 .debug_str     0x000ce291       0xe9 ./Core/Src/stm32f4xx_it.o
                              0xc42e9 (size before relaxing)
 .debug_str     0x000ce37a     0x2093 ./Core/Src/syscalls.o
                               0x98bd (size before relaxing)
 .debug_str     0x000d040d       0x6b ./Core/Src/sysmem.o
                               0x60d5 (size before relaxing)
 .debug_str     0x000d0478       0xdb ./Core/Src/system_stm32f4xx.o
                              0xc3eb8 (size before relaxing)
 .debug_str     0x000d0553       0x44 ./Core/Startup/startup_stm32f407zgtx.o
                                 0x88 (size before relaxing)
 .debug_str     0x000d0597      0x5c4 ./Drivers/STM32F4xx_HAL_Driver/Src/stm32f4xx_hal.o
                              0xc4a3c (size before relaxing)
 .debug_str     0x000d0b5b      0x344 ./Drivers/STM32F4xx_HAL_Driver/Src/stm32f4xx_hal_cortex.o
                              0xc4786 (size before relaxing)
 .debug_str     0x000d0e9f      0x158 ./Drivers/STM32F4xx_HAL_Driver/Src/stm32f4xx_hal_gpio.o
                              0xc4033 (size before relaxing)
 .debug_str     0x000d0ff7      0x1f2 ./Drivers/STM32F4xx_HAL_Driver/Src/stm32f4xx_hal_rcc.o
                              0xc42ec (size before relaxing)
 .debug_str     0x000d11e9      0xe73 ./Drivers/STM32F4xx_HAL_Driver/Src/stm32f4xx_hal_tim.o
                              0xc5242 (size before relaxing)
 .debug_str     0x000d205c      0x503 ./Drivers/STM32F4xx_HAL_Driver/Src/stm32f4xx_hal_tim_ex.o
                              0xc4a4e (size before relaxing)
 .debug_str     0x000d255f      0x61d ./Drivers/STM32F4xx_HAL_Driver/Src/stm32f4xx_hal_uart.o
                              0xc48cd (size before relaxing)

.comment        0x00000000       0x43
 .comment       0x00000000       0x43 ./Core/Src/main.o
                                 0x44 (size before relaxing)
 .comment       0x00000043       0x44 ./Core/Src/pb_common.o
 .comment       0x00000043       0x44 ./Core/Src/pb_decode.o
 .comment       0x00000043       0x44 ./Core/Src/pb_encode.o
 .comment       0x00000043       0x44 ./Core/Src/simple.pb.o
 .comment       0x00000043       0x44 ./Core/Src/stm32f4xx_hal_msp.o
 .comment       0x00000043       0x44 ./Core/Src/stm32f4xx_hal_timebase_tim.o
 .comment       0x00000043       0x44 ./Core/Src/stm32f4xx_it.o
 .comment       0x00000043       0x44 ./Core/Src/syscalls.o
 .comment       0x00000043       0x44 ./Core/Src/sysmem.o
 .comment       0x00000043       0x44 ./Core/Src/system_stm32f4xx.o
 .comment       0x00000043       0x44 ./Drivers/STM32F4xx_HAL_Driver/Src/stm32f4xx_hal.o
 .comment       0x00000043       0x44 ./Drivers/STM32F4xx_HAL_Driver/Src/stm32f4xx_hal_cortex.o
 .comment       0x00000043       0x44 ./Drivers/STM32F4xx_HAL_Driver/Src/stm32f4xx_hal_gpio.o